Component: ARM Compiler 5.06 update 5 (build 528) Tool: armlink [4d35e2]

==============================================================================

Section Cross References

    startup_stm32f10x_md.o(STACK) refers (Special) to heapauxi.o(.text) for __use_two_region_memory
    startup_stm32f10x_md.o(HEAP) refers (Special) to heapauxi.o(.text) for __use_two_region_memory
    startup_stm32f10x_md.o(RESET) refers (Special) to heapauxi.o(.text) for __use_two_region_memory
    startup_stm32f10x_md.o(RESET) refers to startup_stm32f10x_md.o(STACK) for __initial_sp
    startup_stm32f10x_md.o(RESET) refers to startup_stm32f10x_md.o(.text) for Reset_Handler
    startup_stm32f10x_md.o(RESET) refers to stm32f10x_it.o(i.NMI_Handler) for NMI_Handler
    startup_stm32f10x_md.o(RESET) refers to stm32f10x_it.o(i.HardFault_Handler) for HardFault_Handler
    startup_stm32f10x_md.o(RESET) refers to stm32f10x_it.o(i.MemManage_Handler) for MemManage_Handler
    startup_stm32f10x_md.o(RESET) refers to stm32f10x_it.o(i.BusFault_Handler) for BusFault_Handler
    startup_stm32f10x_md.o(RESET) refers to stm32f10x_it.o(i.UsageFault_Handler) for UsageFault_Handler
    startup_stm32f10x_md.o(RESET) refers to stm32f10x_it.o(i.SVC_Handler) for SVC_Handler
    startup_stm32f10x_md.o(RESET) refers to stm32f10x_it.o(i.DebugMon_Handler) for DebugMon_Handler
    startup_stm32f10x_md.o(RESET) refers to stm32f10x_it.o(i.PendSV_Handler) for PendSV_Handler
    startup_stm32f10x_md.o(RESET) refers to stm32f10x_it.o(i.SysTick_Handler) for SysTick_Handler
    startup_stm32f10x_md.o(RESET) refers to main.o(i.TIM2_IRQHandler) for TIM2_IRQHandler
    startup_stm32f10x_md.o(RESET) refers to key.o(i.EXTI15_10_IRQHandler) for EXTI15_10_IRQHandler
    startup_stm32f10x_md.o(.text) refers (Special) to heapauxi.o(.text) for __use_two_region_memory
    startup_stm32f10x_md.o(.text) refers to system_stm32f10x.o(i.SystemInit) for SystemInit
    startup_stm32f10x_md.o(.text) refers to __main.o(!!!main) for __main
    startup_stm32f10x_md.o(.text) refers to startup_stm32f10x_md.o(HEAP) for Heap_Mem
    startup_stm32f10x_md.o(.text) refers to startup_stm32f10x_md.o(STACK) for Stack_Mem
    system_stm32f10x.o(i.SetSysClock) refers to system_stm32f10x.o(i.SetSysClockTo72) for SetSysClockTo72
    system_stm32f10x.o(i.SystemCoreClockUpdate) refers to system_stm32f10x.o(.data) for SystemCoreClock
    system_stm32f10x.o(i.SystemInit) refers to system_stm32f10x.o(i.SetSysClock) for SetSysClock
    stm32f10x_adc.o(i.ADC_DeInit) refers to stm32f10x_rcc.o(i.RCC_APB2PeriphResetCmd) for RCC_APB2PeriphResetCmd
    stm32f10x_bkp.o(i.BKP_DeInit) refers to stm32f10x_rcc.o(i.RCC_BackupResetCmd) for RCC_BackupResetCmd
    stm32f10x_can.o(i.CAN_DeInit) refers to stm32f10x_rcc.o(i.RCC_APB1PeriphResetCmd) for RCC_APB1PeriphResetCmd
    stm32f10x_can.o(i.CAN_GetITStatus) refers to stm32f10x_can.o(i.CheckITStatus) for CheckITStatus
    stm32f10x_cec.o(i.CEC_DeInit) refers to stm32f10x_rcc.o(i.RCC_APB1PeriphResetCmd) for RCC_APB1PeriphResetCmd
    stm32f10x_dac.o(i.DAC_DeInit) refers to stm32f10x_rcc.o(i.RCC_APB1PeriphResetCmd) for RCC_APB1PeriphResetCmd
    stm32f10x_flash.o(i.FLASH_EnableWriteProtection) refers to stm32f10x_flash.o(i.FLASH_WaitForLastOperation) for FLASH_WaitForLastOperation
    stm32f10x_flash.o(i.FLASH_EraseAllBank1Pages) refers to stm32f10x_flash.o(i.FLASH_WaitForLastBank1Operation) for FLASH_WaitForLastBank1Operation
    stm32f10x_flash.o(i.FLASH_EraseAllPages) refers to stm32f10x_flash.o(i.FLASH_WaitForLastOperation) for FLASH_WaitForLastOperation
    stm32f10x_flash.o(i.FLASH_EraseOptionBytes) refers to stm32f10x_flash.o(i.FLASH_GetReadOutProtectionStatus) for FLASH_GetReadOutProtectionStatus
    stm32f10x_flash.o(i.FLASH_EraseOptionBytes) refers to stm32f10x_flash.o(i.FLASH_WaitForLastOperation) for FLASH_WaitForLastOperation
    stm32f10x_flash.o(i.FLASH_ErasePage) refers to stm32f10x_flash.o(i.FLASH_WaitForLastOperation) for FLASH_WaitForLastOperation
    stm32f10x_flash.o(i.FLASH_ProgramHalfWord) refers to stm32f10x_flash.o(i.FLASH_WaitForLastOperation) for FLASH_WaitForLastOperation
    stm32f10x_flash.o(i.FLASH_ProgramOptionByteData) refers to stm32f10x_flash.o(i.FLASH_WaitForLastOperation) for FLASH_WaitForLastOperation
    stm32f10x_flash.o(i.FLASH_ProgramWord) refers to stm32f10x_flash.o(i.FLASH_WaitForLastOperation) for FLASH_WaitForLastOperation
    stm32f10x_flash.o(i.FLASH_ReadOutProtection) refers to stm32f10x_flash.o(i.FLASH_WaitForLastOperation) for FLASH_WaitForLastOperation
    stm32f10x_flash.o(i.FLASH_UserOptionByteConfig) refers to stm32f10x_flash.o(i.FLASH_WaitForLastOperation) for FLASH_WaitForLastOperation
    stm32f10x_flash.o(i.FLASH_WaitForLastBank1Operation) refers to stm32f10x_flash.o(i.FLASH_GetBank1Status) for FLASH_GetBank1Status
    stm32f10x_flash.o(i.FLASH_WaitForLastOperation) refers to stm32f10x_flash.o(i.FLASH_GetBank1Status) for FLASH_GetBank1Status
[...]
    ../clib/printf.c                         0x00000000   Number         0  __2sprintf.o ABSOLUTE
    ../clib/printf.c                         0x00000000   Number         0  __printf.o ABSOLUTE
    ../clib/printf.c                         0x00000000   Number         0  __printf_flags.o ABSOLUTE
    ../clib/printf.c                         0x00000000   Number         0  noretval__2sprintf.o ABSOLUTE
    ../clib/printf.c                         0x00000000   Number         0  __printf_ss.o ABSOLUTE
    ../clib/printf.c                         0x00000000   Number         0  __printf_flags_ss.o ABSOLUTE
    ../clib/printf.c                         0x00000000   Number         0  __printf_wp.o ABSOLUTE
    ../clib/printf.c                         0x00000000   Number         0  __printf_flags_wp.o ABSOLUTE
    ../clib/printf.c                         0x00000000   Number         0  __printf_ss_wp.o ABSOLUTE
    ../clib/printf.c                         0x00000000   Number         0  __printf_flags_ss_wp.o ABSOLUTE
    ../clib/printf_percent.s                 0x00000000   Number         0  _printf_f.o ABSOLUTE
    ../clib/printf_percent.s                 0x00000000   Number         0  _printf_percent.o ABSOLUTE
    ../clib/printf_percent.s                 0x00000000   Number         0  _printf_percent_end.o ABSOLUTE
    ../clib/signal.c                         0x00000000   Number         0  defsig_general.o ABSOLUTE
    ../clib/signal.c                         0x00000000   Number         0  __raise.o ABSOLUTE
    ../clib/signal.c                         0x00000000   Number         0  defsig_rtmem_outer.o ABSOLUTE
    ../clib/signal.c                         0x00000000   Number         0  defsig_rtred_inner.o ABSOLUTE
    ../clib/signal.c                         0x00000000   Number         0  defsig_stak_inner.o ABSOLUTE
    ../clib/signal.c                         0x00000000   Number         0  defsig_cppl_inner.o ABSOLUTE
    ../clib/signal.c                         0x00000000   Number         0  defsig_pvfn_inner.o ABSOLUTE
    ../clib/signal.c                         0x00000000   Number         0  defsig_other.o ABSOLUTE
    ../clib/signal.c                         0x00000000   Number         0  defsig_segv_inner.o ABSOLUTE
    ../clib/signal.c                         0x00000000   Number         0  defsig_abrt_inner.o ABSOLUTE
    ../clib/signal.c                         0x00000000   Number         0  defsig_rtmem_inner.o ABSOLUTE
    ../clib/signal.c                         0x00000000   Number         0  defsig_fpe_inner.o ABSOLUTE
    ../clib/signal.c                         0x00000000   Number         0  defsig_exit.o ABSOLUTE
    ../clib/signal.c                         0x00000000   Number         0  defsig_rtmem_formal.o ABSOLUTE
    ../clib/signal.s                         0x00000000   Number         0  defsig.o ABSOLUTE
    ../clib/stdlib.c                         0x00000000   Number         0  exit.o ABSOLUTE
    ../fplib/d2f.s                           0x00000000   Number         0  d2f.o ABSOLUTE
    ../fplib/daddsub.s                       0x00000000   Number         0  daddsub_clz.o ABSOLUTE
    ../fplib/dcmpi.s                         0x00000000   Number         0  dcmpi.o ABSOLUTE
    ../fplib/ddiv.s                          0x00000000   Number         0  ddiv.o ABSOLUTE
    ../fplib/dflt.s                          0x00000000   Number         0  dflt_clz.o ABSOLUTE
    ../fplib/dleqf.s                         0x00000000   Number         0  dleqf.o ABSOLUTE
    ../fplib/dmul.s                          0x00000000   Number         0  dmul.o ABSOLUTE
    ../fplib/dnaninf.s                       0x00000000   Number         0  dnaninf.o ABSOLUTE
    ../fplib/dretinf.s                       0x00000000   Number         0  dretinf.o ABSOLUTE
    ../fplib/drleqf.s                        0x00000000   Number         0  drleqf.o ABSOLUTE
    ../fplib/dsqrt.s                         0x00000000   Number         0  dsqrt_noumaal.o ABSOLUTE
    ../fplib/f2d.s                           0x00000000   Number         0  f2d.o ABSOLUTE
    ../fplib/faddsub.s                       0x00000000   Number         0  faddsub_clz.o ABSOLUTE
    ../fplib/fcmpi.s                         0x00000000   Number         0  fcmpi.o ABSOLUTE
    ../fplib/fdiv.s                          0x00000000   Number         0  fdiv.o ABSOLUTE
    ../fplib/fflt.s                          0x00000000   Number         0  fflt_clz.o ABSOLUTE
    ../fplib/fleqf.s                         0x00000000   Number         0  fleqf.o ABSOLUTE
    ../fplib/fmul.s                          0x00000000   Number         0  fmul.o ABSOLUTE
    ../fplib/fnaninf.s                       0x00000000   Number         0  fnaninf.o ABSOLUTE
    ../fplib/fpinit.s                        0x00000000   Number         0  fpinit.o ABSOLUTE
    ../fplib/fretinf.s                       0x00000000   Number         0  fretinf.o ABSOLUTE
    ../fplib/frleqf.s                        0x00000000   Number         0  frleqf.o ABSOLUTE
    ../fplib/istatus.s                       0x00000000   Number         0  istatus.o ABSOLUTE
    ../fplib/printf1.s                       0x00000000   Number         0  printf1.o ABSOLUTE
    ../fplib/usenofp.s                       0x00000000   Number         0  usenofp.o ABSOLUTE
    ../mathlib/fpclassify.c                  0x00000000   Number         0  fpclassify.o ABSOLUTE
    ../mathlib/sqrt.c                        0x00000000   Number         0  sqrt.o ABSOLUTE
    ../mathlib/sqrt.c                        0x00000000   Number         0  sqrt_x.o ABSOLUTE
    Hardware\AD.c                            0x00000000   Number         0  ad.o ABSOLUTE
    Hardware\Key.c                           0x00000000   Number         0  key.o ABSOLUTE
    Hardware\OLED.c                          0x00000000   Number         0  oled.o ABSOLUTE
    Hardware\filters.c                       0x00000000   Number         0  filters.o ABSOLUTE
    Library\misc.c                           0x00000000   Number         0  misc.o ABSOLUTE
    Library\stm32f10x_adc.c                  0x00000000   Number         0  stm32f10x_adc.o ABSOLUTE
    Library\stm32f10x_bkp.c                  0x00000000   Number         0  stm32f10x_bkp.o ABSOLUTE
    Library\stm32f10x_can.c                  0x00000000   Number         0  stm32f10x_can.o ABSOLUTE
    Library\stm32f10x_cec.c                  0x00000000   Number         0  stm32f10x_cec.o ABSOLUTE
    Library\stm32f10x_crc.c                  0x00000000   Number         0  stm32f10x_crc.o ABSOLUTE
    Library\stm32f10x_dac.c                  0x00000000   Number         0  stm32f10x_dac.o ABSOLUTE
    Library\stm32f10x_dbgmcu.c               0x00000000   Number         0  stm32f10x_dbgmcu.o ABSOLUTE
    Library\stm32f10x_dma.c                  0x00000000   Number         0  stm32f10x_dma.o ABSOLUTE
    Library\stm32f10x_exti.c                 0x00000000   Number         0  stm32f10x_exti.o ABSOLUTE
    Library\stm32f10x_flash.c                0x00000000   Number         0  stm32f10x_flash.o ABSOLUTE
    Library\stm32f10x_fsmc.c                 0x00000000   Number         0  stm32f10x_fsmc.o ABSOLUTE
    Library\stm32f10x_gpio.c                 0x00000000   Number         0  stm32f10x_gpio.o ABSOLUTE
    Library\stm32f10x_i2c.c                  0x00000000   Number         0  stm32f10x_i2c.o ABSOLUTE
    Library\stm32f10x_iwdg.c                 0x00000000   Number         0  stm32f10x_iwdg.o ABSOLUTE
    Library\stm32f10x_pwr.c                  0x00000000   Number         0  stm32f10x_pwr.o ABSOLUTE
    Library\stm32f10x_rcc.c                  0x00000000   Number         0  stm32f10x_rcc.o ABSOLUTE
    Library\stm32f10x_rtc.c                  0x00000000   Number         0  stm32f10x_rtc.o ABSOLUTE
    Library\stm32f10x_sdio.c                 0x00000000   Number         0  stm32f10x_sdio.o ABSOLUTE
    Library\stm32f10x_spi.c                  0x00000000   Number         0  stm32f10x_spi.o ABSOLUTE
    Library\stm32f10x_tim.c                  0x00000000   Number         0  stm32f10x_tim.o ABSOLUTE
    Library\stm32f10x_usart.c                0x00000000   Number         0  stm32f10x_usart.o ABSOLUTE
    Library\stm32f10x_wwdg.c                 0x00000000   Number         0  stm32f10x_wwdg.o ABSOLUTE
    Start\\core_cm3.c                        0x00000000   Number         0  core_cm3.o ABSOLUTE
    Start\core_cm3.c                         0x00000000   Number         0  core_cm3.o ABSOLUTE
    Start\startup_stm32f10x_md.s             0x00000000   Number         0  startup_stm32f10x_md.o ABSOLUTE
    Start\system_stm32f10x.c                 0x00000000   Number         0  system_stm32f10x.o ABSOLUTE
    System\Delay.c                           0x00000000   Number         0  delay.o ABSOLUTE
    System\Timer.c                           0x00000000   Number         0  timer.o ABSOLUTE
    User\main.c                              0x00000000   Number         0  main.o ABSOLUTE
    User\stm32f10x_it.c                      0x00000000   Number         0  stm32f10x_it.o ABSOLUTE
    dc.s                                     0x00000000   Number         0  dc.o ABSOLUTE
    RESET                                    0x08000000   Section      236  startup_stm32f10x_md.o(RESET)
    !!!main                                  0x080000ec   Section        8  __main.o(!!!main)
    !!!scatter                               0x080000f4   Section       52  __scatter.o(!!!scatter)
    !!handler_copy                           0x08000128   Section       26  __scatter_copy.o(!!handler_copy)
    !!handler_zi                             0x08000144   Section       28  __scatter_zi.o(!!handler_zi)
    .ARM.Collect$$_printf_percent$$00000000  0x08000160   Section        0  _printf_percent.o(.ARM.Collect$$_printf_percent$$00000000)
    .ARM.Collect$$_printf_percent$$00000003  0x08000160   Section        6  _printf_f.o(.ARM.Collect$$_printf_percent$$00000003)
    .ARM.Collect$$_printf_percent$$00000017  0x08000166   Section        4  _printf_percent_end.o(.ARM.Collect$$_printf_percent$$00000017)
    .ARM.Collect$$libinit$$00000000          0x0800016a   Section        2  libinit.o(.ARM.Collect$$libinit$$00000000)
    .ARM.Collect$$libinit$$00000002          0x0800016c   Section        0  libinit2.o(.ARM.Collect$$libinit$$00000002)
    .ARM.Collect$$libinit$$00000004          0x0800016c   Section        0  libinit2.o(.ARM.Collect$$libinit$$00000004)
    .ARM.Collect$$libinit$$0000000A          0x0800016c   Section        0  libinit2.o(.ARM.Collect$$libinit$$0000000A)
    .ARM.Collect$$libinit$$0000000C          0x0800016c   Section        0  libinit2.o(.ARM.Collect$$libinit$$0000000C)
    .ARM.Collect$$libinit$$0000000E          0x0800016c   Section        0  libinit2.o(.ARM.Collect$$libinit$$0000000E)
    .ARM.Collect$$libinit$$0000000F          0x0800016c   Section        6  libinit2.o(.ARM.Collect$$libinit$$0000000F)
    .ARM.Collect$$libinit$$00000011          0x08000172   Section        0  libinit2.o(.ARM.Collect$$libinit$$00000011)
    .ARM.Collect$$libinit$$00000013          0x08000172   Section        0  libinit2.o(.ARM.Collect$$libinit$$00000013)
    .ARM.Collect$$libinit$$00000015          0x08000172   Section        0  libinit2.o(.ARM.Collect$$libinit$$00000015)
    .ARM.Collect$$libinit$$00000016          0x08000172   Section       10  libinit2.o(.ARM.Collect$$libinit$$00000016)
    .ARM.Collect$$libinit$$00000017          0x0800017c   Section        0  libinit2.o(.ARM.Collect$$libinit$$00000017)
    .ARM.Collect$$libinit$$00000019          0x0800017c   Section        0  libinit2.o(.ARM.Collect$$libinit$$00000019)
    .ARM.Collect$$libinit$$0000001B          0x0800017c   Section        0  libinit2.o(.ARM.Collect$$libinit$$0000001B)
    .ARM.Collect$$libinit$$0000001D          0x0800017c   Section        0  libinit2.o(.ARM.Collect$$libinit$$0000001D)
    .ARM.Collect$$libinit$$0000001F          0x0800017c   Section        0  libinit2.o(.ARM.Collect$$libinit$$0000001F)
    .ARM.Collect$$libinit$$00000021          0x0800017c   Section        0  libinit2.o(.ARM.Collect$$libinit$$00000021)
    .ARM.Collect$$libinit$$00000023          0x0800017c   Section        0  libinit2.o(.ARM.Collect$$libinit$$00000023)
    .ARM.Collect$$libinit$$00000025          0x0800017c   Section        0  libinit2.o(.ARM.Collect$$libinit$$00000025)
    .ARM.Collect$$libinit$$0000002C          0x0800017c   Section        0  libinit2.o(.ARM.Collect$$libinit$$0000002C)
    .ARM.Collect$$libinit$$0000002E          0x0800017c   Section        0  libinit2.o(.ARM.Collect$$libinit$$0000002E)
    .ARM.Collect$$libinit$$00000030          0x0800017c   Section        0  libinit2.o(.ARM.Collect$$libinit$$00000030)
    .ARM.Collect$$libinit$$00000032          0x0800017c   Section        0  libinit2.o(.ARM.Collect$$libinit$$00000032)
    .ARM.Collect$$libinit$$00000033          0x0800017c   Section        2  libinit2.o(.ARM.Collect$$libinit$$00000033)
    .ARM.Collect$$libshutdown$$00000000      0x0800017e   Section        2  libshutdown.o(.ARM.Collect$$libshutdown$$00000000)
    .ARM.Collect$$libshutdown$$00000002      0x08000180   Section        0  libshutdown2.o(.ARM.Collect$$libshutdown$$00000002)
    .ARM.Collect$$libshutdown$$00000004      0x08000180   Section        0  libshutdown2.o(.ARM.Collect$$libshutdown$$00000004)
    .ARM.Collect$$libshutdown$$00000007      0x08000180   Section        0  libshutdown2.o(.ARM.Collect$$libshutdown$$00000007)
    .ARM.Collect$$libshutdown$$0000000A      0x08000180   Section        0  libshutdown2.o(.ARM.Collect$$libshutdown$$0000000A)
    .ARM.Collect$$libshutdown$$0000000C      0x08000180   Section        0  libshutdown2.o(.ARM.Collect$$libshutdown$$0000000C)
    .ARM.Collect$$libshutdown$$0000000F      0x08000180   Section        0  libshutdown2.o(.ARM.Collect$$libshutdown$$0000000F)
    .ARM.Collect$$libshutdown$$00000010      0x08000180   Section        2  libshutdown2.o(.ARM.Collect$$libshutdown$$00000010)
    .ARM.Collect$$rtentry$$00000000          0x08000182   Section        0  __rtentry.o(.ARM.Collect$$rtentry$$00000000)
    .ARM.Collect$$rtentry$$00000002          0x08000182   Section        0  __rtentry2.o(.ARM.Collect$$rtentry$$00000002)
    .ARM.Collect$$rtentry$$00000004          0x08000182   Section        6  __rtentry4.o(.ARM.Collect$$rtentry$$00000004)
    .ARM.Collect$$rtentry$$00000009          0x08000188   Section        0  __rtentry2.o(.ARM.Collect$$rtentry$$00000009)
    .ARM.Collect$$rtentry$$0000000A          0x08000188   Section        4  __rtentry2.o(.ARM.Collect$$rtentry$$0000000A)
    .ARM.Collect$$rtentry$$0000000C          0x0800018c   Section        0  __rtentry2.o(.ARM.Collect$$rtentry$$0000000C)
    .ARM.Collect$$rtentry$$0000000D          0x0800018c   Section        8  __rtentry2.o(.ARM.Collect$$rtentry$$0000000D)
    .ARM.Collect$$rtexit$$00000000           0x08000194   Section        2  rtexit.o(.ARM.Collect$$rtexit$$00000000)
    .ARM.Collect$$rtexit$$00000002           0x08000196   Section        0  rtexit2.o(.ARM.Collect$$rtexit$$00000002)
    .ARM.Collect$$rtexit$$00000003           0x08000196   Section        4  rtexit2.o(.ARM.Collect$$rtexit$$00000003)
    .ARM.Collect$$rtexit$$00000004           0x0800019a   Section        6  rtexit2.o(.ARM.Collect$$rtexit$$00000004)
    .text                                    0x080001a0   Section       64  startup_stm32f10x_md.o(.text)
    .text                                    0x080001e0   Section        0  noretval__2sprintf.o(.text)
    .text                                    0x08000208   Section        0  __printf_wp.o(.text)
    .text                                    0x08000316   Section        0  heapauxi.o(.text)
    .text                                    0x0800031c   Section        0  _rserrno.o(.text)
    .text                                    0x08000332   Section        0  _printf_fp_dec.o(.text)
    _fp_digits                               0x08000335   Thumb Code   432  _printf_fp_dec.o(.text)
    .text                                    0x08000750   Section        0  _printf_char_common.o(.text)
    _printf_input_char                       0x08000751   Thumb Code    10  _printf_char_common.o(.text)
    .text                                    0x08000780   Section        0  _sputc.o(.text)
    .text                                    0x0800078c   Section        8  rt_locale_intlibspace.o(.text)
    .text                                    0x08000794   Section        8  rt_errno_addr_intlibspace.o(.text)
    .text                                    0x0800079c   Section      138  lludiv10.o(.text)
    .text                                    0x08000828   Section        0  _printf_fp_infnan.o(.text)
    .text                                    0x080008a8   Section        0  bigflt0.o(.text)
    .text                                    0x0800098c   Section        8  libspace.o(.text)
    .text                                    0x08000994   Section       74  sys_stackheap_outer.o(.text)
    .text                                    0x080009de   Section        0  exit.o(.text)
    .text                                    0x080009f0   Section      128  strcmpv7m.o(.text)
    .text                                    0x08000a70   Section        0  sys_exit.o(.text)
    .text                                    0x08000a7c   Section        2  use_no_semi.o(.text)
    .text                                    0x08000a7e   Section        0  indicate_semi.o(.text)
    CL$$btod_d2e                             0x08000a7e   Section       62  btod.o(CL$$btod_d2e)
    CL$$btod_d2e_denorm_low                  0x08000abc   Section       70  btod.o(CL$$btod_d2e_denorm_low)
    CL$$btod_d2e_norm_op1                    0x08000b02   Section       96  btod.o(CL$$btod_d2e_norm_op1)
    CL$$btod_div_common                      0x08000b62   Section      824  btod.o(CL$$btod_div_common)
    CL$$btod_e2e                             0x08000e9a   Section      220  btod.o(CL$$btod_e2e)
    CL$$btod_ediv                            0x08000f76   Section       42  btod.o(CL$$btod_ediv)
    CL$$btod_emul                            0x08000fa0   Section       42  btod.o(CL$$btod_emul)
    CL$$btod_mult_common                     0x08000fca   Section      580  btod.o(CL$$btod_mult_common)
    i.AC_Cal_Filter                          0x08001210   Section        0  filters.o(i.AC_Cal_Filter)
    i.ADC_Cmd                                0x080013d0   Section        0  stm32f10x_adc.o(i.ADC_Cmd)
    i.ADC_DMACmd                             0x080013e6   Section        0  stm32f10x_adc.o(i.ADC_DMACmd)
    i.ADC_GetCalibrationStatus               0x080013fc   Section        0  stm32f10x_adc.o(i.ADC_GetCalibrationStatus)
    i.ADC_GetResetCalibrationStatus          0x08001410   Section        0  stm32f10x_adc.o(i.ADC_GetResetCalibrationStatus)
    i.ADC_Init                               0x08001424   Section        0  stm32f10x_adc.o(i.ADC_Init)
    i.ADC_RegularChannelConfig               0x08001474   Section        0  stm32f10x_adc.o(i.ADC_RegularChannelConfig)
    i.ADC_ResetCalibration                   0x0800152c   Section        0  stm32f10x_adc.o(i.ADC_ResetCalibration)
    i.ADC_SoftwareStartConvCmd               0x08001536   Section        0  stm32f10x_adc.o(i.ADC_SoftwareStartConvCmd)
    i.ADC_StartCalibration                   0x0800154c   Section        0  stm32f10x_adc.o(i.ADC_StartCalibration)
    i.AD_Init                                0x08001558   Section        0  ad.o(i.AD_Init)
    i.BusFault_Handler                       0x080016b0   Section        0  stm32f10x_it.o(i.BusFault_Handler)
    i.DC_Filter                              0x080016b4   Section        0  filters.o(i.DC_Filter)
    i.DMA_Cmd                                0x080016fc   Section        0  stm32f10x_dma.o(i.DMA_Cmd)
    i.DMA_Init                               0x08001714   Section        0  stm32f10x_dma.o(i.DMA_Init)
    i.DebugMon_Handler                       0x08001750   Section        0  stm32f10x_it.o(i.DebugMon_Handler)
    i.Delay_ms                               0x08001752   Section        0  delay.o(i.Delay_ms)
    i.Delay_us                               0x0800176a   Section        0  delay.o(i.Delay_us)
    i.EXTI15_10_IRQHandler                   0x08001798   Section        0  key.o(i.EXTI15_10_IRQHandler)
    i.EXTI_ClearITPendingBit                 0x080017b0   Section        0  stm32f10x_exti.o(i.EXTI_ClearITPendingBit)
    i.EXTI_Init                              0x080017bc   Section        0  stm32f10x_exti.o(i.EXTI_Init)
    i.GPIO_EXTILineConfig                    0x08001850   Section        0  stm32f10x_gpio.o(i.GPIO_EXTILineConfig)
    i.GPIO_Init                              0x08001890   Section        0  stm32f10x_gpio.o(i.GPIO_Init)
    i.GPIO_ReadInputDataBit                  0x080019a6   Section        0  stm32f10x_gpio.o(i.GPIO_ReadInputDataBit)
    i.GPIO_WriteBit                          0x080019b8   Section        0  stm32f10x_gpio.o(i.GPIO_WriteBit)
    i.HardFault_Handler                      0x080019c2   Section        0  stm32f10x_it.o(i.HardFault_Handler)
    i.Kalman_Filter_Init                     0x080019c8   Section        0  filters.o(i.Kalman_Filter_Init)
    i.Key_GetState                           0x080019f0   Section        0  key.o(i.Key_GetState)
    i.Key_Init                               0x08001a1c   Section        0  key.o(i.Key_Init)
    i.Key_Tick                               0x08001aa4   Section        0  key.o(i.Key_Tick)
    i.MemManage_Handler                      0x08001b3c   Section        0  stm32f10x_it.o(i.MemManage_Handler)
    i.NMI_Handler                            0x08001b40   Section        0  stm32f10x_it.o(i.NMI_Handler)
    i.NVIC_Init                              0x08001b44   Section        0  misc.o(i.NVIC_Init)
    i.NVIC_PriorityGroupConfig               0x08001bb4   Section        0  misc.o(i.NVIC_PriorityGroupConfig)
    i.OLED_Clear                             0x08001bc8   Section        0  oled.o(i.OLED_Clear)
    i.OLED_I2C_Init                          0x08001bf4   Section        0  oled.o(i.OLED_I2C_Init)
    i.OLED_I2C_SendByte                      0x08001c44   Section        0  oled.o(i.OLED_I2C_SendByte)
    i.OLED_I2C_Start                         0x08001c98   Section        0  oled.o(i.OLED_I2C_Start)
    i.OLED_I2C_Stop                          0x08001ccc   Section        0  oled.o(i.OLED_I2C_Stop)
    i.OLED_Init                              0x08001cf4   Section        0  oled.o(i.OLED_Init)
    i.OLED_SetCursor                         0x08001da2   Section        0  oled.o(i.OLED_SetCursor)
    i.OLED_ShowChar                          0x08001dc4   Section        0  oled.o(i.OLED_ShowChar)
    i.OLED_ShowString                        0x08001e38   Section        0  oled.o(i.OLED_ShowString)
    i.OLED_WriteCommand                      0x08001e60   Section        0  oled.o(i.OLED_WriteCommand)
    i.OLED_WriteData                         0x08001e80   Section        0  oled.o(i.OLED_WriteData)
    i.PWR_EnterSTOPMode                      0x08001ea0   Section        0  stm32f10x_pwr.o(i.PWR_EnterSTOPMode)
    i.PendSV_Handler                         0x08001ee0   Section        0  stm32f10x_it.o(i.PendSV_Handler)
    i.RCC_ADCCLKConfig                       0x08001ee4   Section        0  stm32f10x_rcc.o(i.RCC_ADCCLKConfig)
    i.RCC_AHBPeriphClockCmd                  0x08001efc   Section        0  stm32f10x_rcc.o(i.RCC_AHBPeriphClockCmd)
    i.RCC_APB1PeriphClockCmd                 0x08001f1c   Section        0  stm32f10x_rcc.o(i.RCC_APB1PeriphClockCmd)
    i.RCC_APB2PeriphClockCmd                 0x08001f3c   Section        0  stm32f10x_rcc.o(i.RCC_APB2PeriphClockCmd)
    i.R_Filter                               0x08001f5c   Section        0  filters.o(i.R_Filter)
    i.SVC_Handler                            0x08001fa4   Section        0  stm32f10x_it.o(i.SVC_Handler)
    i.SetSysClock                            0x08001fa6   Section        0  system_stm32f10x.o(i.SetSysClock)
    SetSysClock                              0x08001fa7   Thumb Code     8  system_stm32f10x.o(i.SetSysClock)
    i.SetSysClockTo72                        0x08001fb0   Section        0  system_stm32f10x.o(i.SetSysClockTo72)
    SetSysClockTo72                          0x08001fb1   Thumb Code   214  system_stm32f10x.o(i.SetSysClockTo72)
    i.SysTick_Handler                        0x08002090   Section        0  stm32f10x_it.o(i.SysTick_Handler)
    i.SystemInit                             0x08002094   Section        0  system_stm32f10x.o(i.SystemInit)
    i.TIM2_IRQHandler                        0x080020f4   Section        0  main.o(i.TIM2_IRQHandler)
    i.TIM_ClearFlag                          0x08002120   Section        0  stm32f10x_tim.o(i.TIM_ClearFlag)
    i.TIM_ClearITPendingBit                  0x08002126   Section        0  stm32f10x_tim.o(i.TIM_ClearITPendingBit)
    i.TIM_Cmd                                0x0800212c   Section        0  stm32f10x_tim.o(i.TIM_Cmd)
    i.TIM_GetITStatus                        0x08002144   Section        0  stm32f10x_tim.o(i.TIM_GetITStatus)
    i.TIM_ITConfig                           0x08002166   Section        0  stm32f10x_tim.o(i.TIM_ITConfig)
    i.TIM_InternalClockConfig                0x08002178   Section        0  stm32f10x_tim.o(i.TIM_InternalClockConfig)
    i.TIM_TimeBaseInit                       0x08002184   Section        0  stm32f10x_tim.o(i.TIM_TimeBaseInit)
    i.Timer_Init                             0x08002228   Section        0  timer.o(i.Timer_Init)
    i.UsageFault_Handler                     0x080022a0   Section        0  stm32f10x_it.o(i.UsageFault_Handler)
    i.__ARM_fpclassify                       0x080022a4   Section        0  fpclassify.o(i.__ARM_fpclassify)
    i._is_digit                              0x080022cc   Section        0  __printf_wp.o(i._is_digit)
    i.filter5                                0x080022dc   Section        0  filters.o(i.filter5)
    i.main                                   0x08002360   Section        0  main.o(i.main)
    i.sqrt                                   0x08002878   Section        0  sqrt.o(i.sqrt)
    locale$$code                             0x080028c4   Section       44  lc_numeric_c.o(locale$$code)
    x$fpl$d2f                                0x080028f0   Section       98  d2f.o(x$fpl$d2f)
    x$fpl$dadd                               0x08002954   Section      336  daddsub_clz.o(x$fpl$dadd)
    _dadd1                                   0x08002965   Thumb Code     0  daddsub_clz.o(x$fpl$dadd)
    x$fpl$dcmpinf                            0x08002aa4   Section       24  dcmpi.o(x$fpl$dcmpinf)
    x$fpl$ddiv                               0x08002abc   Section      688  ddiv.o(x$fpl$ddiv)
    ddiv_entry                               0x08002ac3   Thumb Code     0  ddiv.o(x$fpl$ddiv)
    x$fpl$dfltu                              0x08002d6c   Section       38  dflt_clz.o(x$fpl$dfltu)
    x$fpl$dleqf                              0x08002d94   Section      120  dleqf.o(x$fpl$dleqf)
    x$fpl$dmul                               0x08002e0c   Section      340  dmul.o(x$fpl$dmul)
    x$fpl$dnaninf                            0x08002f60   Section      156  dnaninf.o(x$fpl$dnaninf)
    x$fpl$dretinf                            0x08002ffc   Section       12  dretinf.o(x$fpl$dretinf)
    x$fpl$drleqf                             0x08003008   Section      108  drleqf.o(x$fpl$drleqf)
    x$fpl$drsb                               0x08003074   Section       22  daddsub_clz.o(x$fpl$drsb)
    x$fpl$dsqrt                              0x0800308c   Section      460  dsqrt_noumaal.o(x$fpl$dsqrt)
    x$fpl$dsub                               0x08003258   Section      468  daddsub_clz.o(x$fpl$dsub)
    _dsub1                                   0x08003269   Thumb Code     0  daddsub_clz.o(x$fpl$dsub)
    x$fpl$f2d                                0x0800342c   Section       86  f2d.o(x$fpl$f2d)
    x$fpl$fadd                               0x08003484   Section      196  faddsub_clz.o(x$fpl$fadd)
    _fadd1                                   0x08003493   Thumb Code     0  faddsub_clz.o(x$fpl$fadd)
    x$fpl$fcmpinf                            0x08003548   Section       24  fcmpi.o(x$fpl$fcmpinf)
    x$fpl$fdiv                               0x08003560   Section      388  fdiv.o(x$fpl$fdiv)
    _fdiv1                                   0x08003561   Thumb Code     0  fdiv.o(x$fpl$fdiv)
    x$fpl$fflt                               0x080036e4   Section       48  fflt_clz.o(x$fpl$fflt)
    x$fpl$fleqf                              0x08003714   Section      104  fleqf.o(x$fpl$fleqf)
    x$fpl$fmul                               0x0800377c   Section      258  fmul.o(x$fpl$fmul)
    x$fpl$fnaninf                            0x0800387e   Section      140  fnaninf.o(x$fpl$fnaninf)
    x$fpl$fretinf                            0x0800390a   Section       10  fretinf.o(x$fpl$fretinf)
    x$fpl$frleqf                             0x08003914   Section       98  frleqf.o(x$fpl$frleqf)
    x$fpl$fsub                               0x08003978   Section      234  faddsub_clz.o(x$fpl$fsub)
    _fsub1                                   0x08003987   Thumb Code     0  faddsub_clz.o(x$fpl$fsub)
    x$fpl$printf1                            0x08003a62   Section        4  printf1.o(x$fpl$printf1)
    .constdata                               0x08003a66   Section     1520  oled.o(.constdata)
    x$fpl$usenofp                            0x08003a66   Section        0  usenofp.o(x$fpl$usenofp)
    .constdata                               0x08004058   Section      148  bigflt0.o(.constdata)
    tenpwrs_x                                0x08004058   Data          60  bigflt0.o(.constdata)
    tenpwrs_i                                0x08004094   Data          64  bigflt0.o(.constdata)
    locale$$data                             0x0800410c   Section       28  lc_numeric_c.o(locale$$data)
    __lcnum_c_name                           0x08004110   Data           2  lc_numeric_c.o(locale$$data)
    __lcnum_c_start                          0x08004118   Data           0  lc_numeric_c.o(locale$$data)
    __lcnum_c_point                          0x08004124   Data           0  lc_numeric_c.o(locale$$data)
    __lcnum_c_thousands                      0x08004126   Data           0  lc_numeric_c.o(locale$$data)
    __lcnum_c_grouping                       0x08004127   Data           0  lc_numeric_c.o(locale$$data)
    __lcnum_c_end                            0x08004128   Data           0  lc_numeric_c.o(locale$$data)
    .data                                    0x20000000   Section        5  key.o(.data)
    Count                                    0x20000002   Data           1  key.o(.data)
    CurrState                                0x20000003   Data           1  key.o(.data)
    PrevState                                0x20000004   Data           1  key.o(.data)
    .data                                    0x20000008   Section       24  filters.o(.data)
    .data                                    0x20000020   Section        7  main.o(.data)
    .bss                                     0x20000028   Section       12  ad.o(.bss)
    .bss                                     0x20000034   Section     2026  filters.o(.bss)
    .bss                                     0x2000081e   Section       10  main.o(.bss)
    .bss                                     0x20000828   Section       96  libspace.o(.bss)
    HEAP                                     0x20000888   Section      512  startup_stm32f10x_md.o(HEAP)
    Heap_Mem                                 0x20000888   Data         512  startup_stm32f10x_md.o(HEAP)
    STACK                                    0x20000a88   Section     1024  startup_stm32f10x_md.o(STACK)
    Stack_Mem                                0x20000a88   Data        1024  startup_stm32f10x_md.o(STACK)
    __initial_sp                             0x20000e88   Data           0  startup_stm32f10x_md.o(STACK)

    Global Symbols

    Symbol Name                              Value     Ov Type        Size  Object(Section)

    BuildAttributes$$THM_ISAv4$P$D$K$B$S$PE$A:L22UL41UL21$X:L11$S22US41US21$IEEE1$IW$USESV6$~STKCKD$USESV7$~SHL$OTIME$ROPI$IEEEJ$EBA8$UX$STANDARDLIB$REQ8$PRES8$EABIv2 0x00000000   Number         0  anon$$obj.o ABSOLUTE
    __ARM_use_no_argv                        0x00000000   Number         0  main.o ABSOLUTE
    _printf_flags                            0x00000000   Number         0  printf_stubs.o ABSOLUTE
    _printf_return_value                     0x00000000   Number         0  printf_stubs.o ABSOLUTE
    _printf_sizespec                         0x00000000   Number         0  printf_stubs.o ABSOLUTE
    _printf_widthprec                        0x00000000   Number         0  printf_stubs.o ABSOLUTE
    __ARM_exceptions_init                     - Undefined Weak Reference
    __alloca_initialize                       - Undefined Weak Reference
    __arm_preinit_                            - Undefined Weak Reference
    __cpp_initialize__aeabi_                  - Undefined Weak Reference
    __cxa_finalize                            - Undefined Weak Reference
    __sigvec_lookup                           - Undefined Weak Reference
    _atexit_init                              - Undefined Weak Reference
    _call_atexit_fns                          - Undefined Weak Reference
    _clock_init                               - Undefined Weak Reference
    _fp_trap_init                             - Undefined Weak Reference
    _fp_trap_shutdown                         - Undefined Weak Reference
    _get_lc_collate                           - Undefined Weak Reference
    _get_lc_ctype                             - Undefined Weak Reference
    _get_lc_monetary                          - Undefined Weak Reference
    _get_lc_time                              - Undefined Weak Reference
    _getenv_init                              - Undefined Weak Reference
    _handle_redirection                       - Undefined Weak Reference
    _init_alloc                               - Undefined Weak Reference
    _init_user_alloc                          - Undefined Weak Reference
    _initio                                   - Undefined Weak Reference
    _printf_post_padding                      - Undefined Weak Reference
    _printf_pre_padding                       - Undefined Weak Reference
    _rand_init                                - Undefined Weak Reference
    _signal_finish                            - Undefined Weak Reference
    _signal_init                              - Undefined Weak Reference
    _terminate_alloc                          - Undefined Weak Reference
    _terminate_user_alloc                     - Undefined Weak Reference
    _terminateio                              - Undefined Weak Reference
    __Vectors_Size                           0x000000ec   Number         0  startup_stm32f10x_md.o ABSOLUTE
    __Vectors                                0x08000000   Data           4  startup_stm32f10x_md.o(RESET)
    __Vectors_End                            0x080000ec   Data           0  startup_stm32f10x_md.o(RESET)
    __main                                   0x080000ed   Thumb Code     8  __main.o(!!!main)
    __scatterload                            0x080000f5   Thumb Code     0  __scatter.o(!!!scatter)
    __scatterload_rt2                        0x080000f5   Thumb Code    44  __scatter.o(!!!scatter)
    __scatterload_rt2_thumb_only             0x080000f5   Thumb Code     0  __scatter.o(!!!scatter)
    __scatterload_null                       0x08000103   Thumb Code     0  __scatter.o(!!!scatter)
    __scatterload_copy                       0x08000129   Thumb Code    26  __scatter_copy.o(!!handler_copy)
    __scatterload_zeroinit                   0x08000145   Thumb Code    28  __scatter_zi.o(!!handler_zi)
    _printf_f                                0x08000161   Thumb Code     0  _printf_f.o(.ARM.Collect$$_printf_percent$$00000003)
    _printf_percent                          0x08000161   Thumb Code     0  _printf_percent.o(.ARM.Collect$$_printf_percent$$00000000)
    _printf_percent_end                      0x08000167   Thumb Code     0  _printf_percent_end.o(.ARM.Collect$$_printf_percent$$00000017)
    __rt_lib_init                            0x0800016b   Thumb Code     0  libinit.o(.ARM.Collect$$libinit$$00000000)
    __rt_lib_init_fp_1                       0x0800016d   Thumb Code     0  libinit2.o(.ARM.Collect$$libinit$$00000002)
    __rt_lib_init_heap_1                     0x0800016d   Thumb Code     0  libinit2.o(.ARM.Collect$$libinit$$0000000A)
    __rt_lib_init_lc_common                  0x0800016d   Thumb Code     0  libinit2.o(.ARM.Collect$$libinit$$0000000F)
    __rt_lib_init_preinit_1                  0x0800016d   Thumb Code     0  libinit2.o(.ARM.Collect$$libinit$$00000004)
    __rt_lib_init_rand_1                     0x0800016d   Thumb Code     0  libinit2.o(.ARM.Collect$$libinit$$0000000E)
    __rt_lib_init_user_alloc_1               0x0800016d   Thumb Code     0  libinit2.o(.ARM.Collect$$libinit$$0000000C)
    __rt_lib_init_lc_collate_1               0x08000173   Thumb Code     0  libinit2.o(.ARM.Collect$$libinit$$00000011)
    __rt_lib_init_lc_ctype_1                 0x08000173   Thumb Code     0  libinit2.o(.ARM.Collect$$libinit$$00000013)
    __rt_lib_init_lc_monetary_1              0x08000173   Thumb Code     0  libinit2.o(.ARM.Collect$$libinit$$00000015)
    __rt_lib_init_lc_numeric_2               0x08000173   Thumb Code     0  libinit2.o(.ARM.Collect$$libinit$$00000016)
    __rt_lib_init_alloca_1                   0x0800017d   Thumb Code     0  libinit2.o(.ARM.Collect$$libinit$$0000002E)
    __rt_lib_init_argv_1                     0x0800017d   Thumb Code     0  libinit2.o(.ARM.Collect$$libinit$$0000002C)
    __rt_lib_init_atexit_1                   0x0800017d   Thumb Code     0  libinit2.o(.ARM.Collect$$libinit$$0000001B)
    __rt_lib_init_clock_1                    0x0800017d   Thumb Code     0  libinit2.o(.ARM.Collect$$libinit$$00000021)
    __rt_lib_init_cpp_1                      0x0800017d   Thumb Code     0  libinit2.o(.ARM.Collect$$libinit$$00000032)
    __rt_lib_init_exceptions_1               0x0800017d   Thumb Code     0  libinit2.o(.ARM.Collect$$libinit$$00000030)
    __rt_lib_init_fp_trap_1                  0x0800017d   Thumb Code     0  libinit2.o(.ARM.Collect$$libinit$$0000001F)
    __rt_lib_init_getenv_1                   0x0800017d   Thumb Code     0  libinit2.o(.ARM.Collect$$libinit$$00000023)
    __rt_lib_init_lc_numeric_1               0x0800017d   Thumb Code     0  libinit2.o(.ARM.Collect$$libinit$$00000017)
    __rt_lib_init_lc_time_1                  0x0800017d   Thumb Code     0  libinit2.o(.ARM.Collect$$libinit$$00000019)
    __rt_lib_init_return                     0x0800017d   Thumb Code     0  libinit2.o(.ARM.Collect$$libinit$$00000033)
    __rt_lib_init_signal_1                   0x0800017d   Thumb Code     0  libinit2.o(.ARM.Collect$$libinit$$0000001D)
    __rt_lib_init_stdio_1                    0x0800017d   Thumb Code     0  libinit2.o(.ARM.Collect$$libinit$$00000025)
    __rt_lib_shutdown                        0x0800017f   Thumb Code     0  libshutdown.o(.ARM.Collect$$libshutdown$$00000000)
    __rt_lib_shutdown_cpp_1                  0x08000181   Thumb Code     0  libshutdown2.o(.ARM.Collect$$libshutdown$$00000002)
    __rt_lib_shutdown_fp_trap_1              0x08000181   Thumb Code     0  libshutdown2.o(.ARM.Collect$$libshutdown$$00000007)
    __rt_lib_shutdown_heap_1                 0x08000181   Thumb Code     0  libshutdown2.o(.ARM.Collect$$libshutdown$$0000000F)
    __rt_lib_shutdown_return                 0x08000181   Thumb Code     0  libshutdown2.o(.ARM.Collect$$libshutdown$$00000010)
    __rt_lib_shutdown_signal_1               0x08000181   Thumb Code     0  libshutdown2.o(.ARM.Collect$$libshutdown$$0000000A)
    __rt_lib_shutdown_stdio_1                0x08000181   Thumb Code     0  libshutdown2.o(.ARM.Collect$$libshutdown$$00000004)
    __rt_lib_shutdown_user_alloc_1           0x08000181   Thumb Code     0  libshutdown2.o(.ARM.Collect$$libshutdown$$0000000C)
    __rt_entry                               0x08000183   Thumb Code     0  __rtentry.o(.ARM.Collect$$rtentry$$00000000)
    __rt_entry_presh_1                       0x08000183   Thumb Code     0  __rtentry2.o(.ARM.Collect$$rtentry$$00000002)
    __rt_entry_sh                            0x08000183   Thumb Code     0  __rtentry4.o(.ARM.Collect$$rtentry$$00000004)
    __rt_entry_li                            0x08000189   Thumb Code     0  __rtentry2.o(.ARM.Collect$$rtentry$$0000000A)
    __rt_entry_postsh_1                      0x08000189   Thumb Code     0  __rtentry2.o(.ARM.Collect$$rtentry$$00000009)
    __rt_entry_main                          0x0800018d   Thumb Code     0  __rtentry2.o(.ARM.Collect$$rtentry$$0000000D)
    __rt_entry_postli_1                      0x0800018d   Thumb Code     0  __rtentry2.o(.ARM.Collect$$rtentry$$0000000C)
    __rt_exit                                0x08000195   Thumb Code     0  rtexit.o(.ARM.Collect$$rtexit$$00000000)
    __rt_exit_ls                             0x08000197   Thumb Code     0  rtexit2.o(.ARM.Collect$$rtexit$$00000003)
    __rt_exit_prels_1                        0x08000197   Thumb Code     0  rtexit2.o(.ARM.Collect$$rtexit$$00000002)
    __rt_exit_exit                           0x0800019b   Thumb Code     0  rtexit2.o(.ARM.Collect$$rtexit$$00000004)
    Reset_Handler                            0x080001a1   Thumb Code     8  startup_stm32f10x_md.o(.text)
    ADC1_2_IRQHandler                        0x080001bb   Thumb Code     0  startup_stm32f10x_md.o(.text)
    CAN1_RX1_IRQHandler                      0x080001bb   Thumb Code     0  startup_stm32f10x_md.o(.text)
    CAN1_SCE_IRQHandler                      0x080001bb   Thumb Code     0  startup_stm32f10x_md.o(.text)
    DMA1_Channel1_IRQHandler                 0x080001bb   Thumb Code     0  startup_stm32f10x_md.o(.text)
    DMA1_Channel2_IRQHandler                 0x080001bb   Thumb Code     0  startup_stm32f10x_md.o(.text)
    DMA1_Channel3_IRQHandler                 0x080001bb   Thumb Code     0  startup_stm32f10x_md.o(.text)
    DMA1_Channel4_IRQHandler                 0x080001bb   Thumb Code     0  startup_stm32f10x_md.o(.text)
    DMA1_Channel5_IRQHandler                 0x080001bb   Thumb Code     0  startup_stm32f10x_md.o(.text)
    DMA1_Channel6_IRQHandler                 0x080001bb   Thumb Code     0  startup_stm32f10x_md.o(.text)
    DMA1_Channel7_IRQHandler                 0x080001bb   Thumb Code     0  startup_stm32f10x_md.o(.text)
    EXTI0_IRQHandler                         0x080001bb   Thumb Code     0  startup_stm32f10x_md.o(.text)
    EXTI1_IRQHandler                         0x080001bb   Thumb Code     0  startup_stm32f10x_md.o(.text)
    EXTI2_IRQHandler                         0x080001bb   Thumb Code     0  startup_stm32f10x_md.o(.text)
    EXTI3_IRQHandler                         0x080001bb   Thumb Code     0  startup_stm32f10x_md.o(.text)
    EXTI4_IRQHandler                         0x080001bb   Thumb Code     0  startup_stm32f10x_md.o(.text)
    EXTI9_5_IRQHandler                       0x080001bb   Thumb Code     0  startup_stm32f10x_md.o(.text)
    FLASH_IRQHandler                         0x080001bb   Thumb Code     0  startup_stm32f10x_md.o(.text)
    I2C1_ER_IRQHandler                       0x080001bb   Thumb Code     0  startup_stm32f10x_md.o(.text)
    I2C1_EV_IRQHandler                       0x080001bb   Thumb Code     0  startup_stm32f10x_md.o(.text)
    I2C2_ER_IRQHandler                       0x080001bb   Thumb Code     0  startup_stm32f10x_md.o(.text)
    I2C2_EV_IRQHandler                       0x080001bb   Thumb Code     0  startup_stm32f10x_md.o(.text)
    PVD_IRQHandler                           0x080001bb   Thumb Code     0  startup_stm32f10x_md.o(.text)
    RCC_IRQHandler                           0x080001bb   Thumb Code     0  startup_stm32f10x_md.o(.text)
    RTCAlarm_IRQHandler                      0x080001bb   Thumb Code     0  startup_stm32f10x_md.o(.text)
    RTC_IRQHandler                           0x080001bb   Thumb Code     0  startup_stm32f10x_md.o(.text)
    SPI1_IRQHandler                          0x080001bb   Thumb Code     0  startup_stm32f10x_md.o(.text)
    SPI2_IRQHandler                          0x080001bb   Thumb Code     0  startup_stm32f10x_md.o(.text)
    TAMPER_IRQHandler                        0x080001bb   Thumb Code     0  startup_stm32f10x_md.o(.text)
    TIM1_BRK_IRQHandler                      0x080001bb   Thumb Code     0  startup_stm32f10x_md.o(.text)
    TIM1_CC_IRQHandler                       0x080001bb   Thumb Code     0  startup_stm32f10x_md.o(.text)
    TIM1_TRG_COM_IRQHandler                  0x080001bb   Thumb Code     0  startup_stm32f10x_md.o(.text)
    TIM1_UP_IRQHandler                       0x080001bb   Thumb Code     0  startup_stm32f10x_md.o(.text)
    TIM3_IRQHandler                          0x080001bb   Thumb Code     0  startup_stm32f10x_md.o(.text)
    TIM4_IRQHandler                          0x080001bb   Thumb Code     0  startup_stm32f10x_md.o(.text)
    USART1_IRQHandler                        0x080001bb   Thumb Code     0  startup_stm32f10x_md.o(.text)
    USART2_IRQHandler                        0x080001bb   Thumb Code     0  startup_stm32f10x_md.o(.text)
    USART3_IRQHandler                        0x080001bb   Thumb Code     0  startup_stm32f10x_md.o(.text)
    USBWakeUp_IRQHandler                     0x080001bb   Thumb Code     0  startup_stm32f10x_md.o(.text)
    USB_HP_CAN1_TX_IRQHandler                0x080001bb   Thumb Code     0  startup_stm32f10x_md.o(.text)
    USB_LP_CAN1_RX0_IRQHandler               0x080001bb   Thumb Code     0  startup_stm32f10x_md.o(.text)
    WWDG_IRQHandler                          0x080001bb   Thumb Code     0  startup_stm32f10x_md.o(.text)
    __user_initial_stackheap                 0x080001bd   Thumb Code     0  startup_stm32f10x_md.o(.text)
    __2sprintf                               0x080001e1   Thumb Code    34  noretval__2sprintf.o(.text)
    __printf                                 0x08000209   Thumb Code   270  __printf_wp.o(.text)
    __use_two_region_memory                  0x08000317   Thumb Code     2  heapauxi.o(.text)
    __rt_heap_escrow$2region                 0x08000319   Thumb Code     2  heapauxi.o(.text)
    __rt_heap_expand$2region                 0x0800031b   Thumb Code     2  heapauxi.o(.text)
    __read_errno                             0x0800031d   Thumb Code    10  _rserrno.o(.text)
    __set_errno                              0x08000327   Thumb Code    12  _rserrno.o(.text)
    __lib_sel_fp_printf                      0x08000333   Thumb Code     2  _printf_fp_dec.o(.text)
    _printf_fp_dec_real                      0x080004e5   Thumb Code   620  _printf_fp_dec.o(.text)
    _printf_char_common                      0x0800075b   Thumb Code    32  _printf_char_common.o(.text)
    _sputc                                   0x08000781   Thumb Code    10  _sputc.o(.text)
    __rt_locale                              0x0800078d   Thumb Code     8  rt_locale_intlibspace.o(.text)
    __aeabi_errno_addr                       0x08000795   Thumb Code     8  rt_errno_addr_intlibspace.o(.text)
    __errno$intlibspace                      0x08000795   Thumb Code     0  rt_errno_addr_intlibspace.o(.text)
    __rt_errno_addr$intlibspace              0x08000795   Thumb Code     0  rt_errno_addr_intlibspace.o(.text)
    _ll_udiv10                               0x0800079d   Thumb Code   138  lludiv10.o(.text)
    _printf_fp_infnan                        0x08000829   Thumb Code   112  _printf_fp_infnan.o(.text)
    _btod_etento                             0x080008a9   Thumb Code   224  bigflt0.o(.text)
    __user_libspace                          0x0800098d   Thumb Code     8  libspace.o(.text)
    __user_perproc_libspace                  0x0800098d   Thumb Code     0  libspace.o(.text)
    __user_perthread_libspace                0x0800098d   Thumb Code     0  libspace.o(.text)
    __user_setup_stackheap                   0x08000995   Thumb Code    74  sys_stackheap_outer.o(.text)
    exit                                     0x080009df   Thumb Code    18  exit.o(.text)
    strcmp                                   0x080009f1   Thumb Code   128  strcmpv7m.o(.text)
    _sys_exit                                0x08000a71   Thumb Code     8  sys_exit.o(.text)
    __I$use$semihosting                      0x08000a7d   Thumb Code     0  use_no_semi.o(.text)
    __use_no_semihosting_swi                 0x08000a7d   Thumb Code     2  use_no_semi.o(.text)
    __semihosting_library_function           0x08000a7f   Thumb Code     0  indicate_semi.o(.text)
    _btod_d2e                                0x08000a7f   Thumb Code    62  btod.o(CL$$btod_d2e)
    _d2e_denorm_low                          0x08000abd   Thumb Code    70  btod.o(CL$$btod_d2e_denorm_low)
    _d2e_norm_op1                            0x08000b03   Thumb Code    96  btod.o(CL$$btod_d2e_norm_op1)
    __btod_div_common                        0x08000b63   Thumb Code   696  btod.o(CL$$btod_div_common)
    _e2e                                     0x08000e9b   Thumb Code   220  btod.o(CL$$btod_e2e)
    _btod_ediv                               0x08000f77   Thumb Code    42  btod.o(CL$$btod_ediv)
    _btod_emul                               0x08000fa1   Thumb Code    42  btod.o(CL$$btod_emul)
    __btod_mult_common                       0x08000fcb   Thumb Code   580  btod.o(CL$$btod_mult_common)
    AC_Cal_Filter                            0x08001211   Thumb Code   378  filters.o(i.AC_Cal_Filter)
    ADC_Cmd                                  0x080013d1   Thumb Code    22  stm32f10x_adc.o(i.ADC_Cmd)
    ADC_DMACmd                               0x080013e7   Thumb Code    22  stm32f10x_adc.o(i.ADC_DMACmd)
    ADC_GetCalibrationStatus                 0x080013fd   Thumb Code    20  stm32f10x_adc.o(i.ADC_GetCalibrationStatus)
    ADC_GetResetCalibrationStatus            0x08001411   Thumb Code    20  stm32f10x_adc.o(i.ADC_GetResetCalibrationStatus)
    ADC_Init                                 0x08001425   Thumb Code    70  stm32f10x_adc.o(i.ADC_Init)
    ADC_RegularChannelConfig                 0x08001475   Thumb Code   184  stm32f10x_adc.o(i.ADC_RegularChannelConfig)
    ADC_ResetCalibration                     0x0800152d   Thumb Code    10  stm32f10x_adc.o(i.ADC_ResetCalibration)
    ADC_SoftwareStartConvCmd                 0x08001537   Thumb Code    22  stm32f10x_adc.o(i.ADC_SoftwareStartConvCmd)
    ADC_StartCalibration                     0x0800154d   Thumb Code    10  stm32f10x_adc.o(i.ADC_StartCalibration)
    AD_Init                                  0x08001559   Thumb Code   322  ad.o(i.AD_Init)
    BusFault_Handler                         0x080016b1   Thumb Code     4  stm32f10x_it.o(i.BusFault_Handler)
    DC_Filter                                0x080016b5   Thumb Code    62  filters.o(i.DC_Filter)
    DMA_Cmd                                  0x080016fd   Thumb Code    24  stm32f10x_dma.o(i.DMA_Cmd)
    DMA_Init                                 0x08001715   Thumb Code    60  stm32f10x_dma.o(i.DMA_Init)
    DebugMon_Handler                         0x08001751   Thumb Code     2  stm32f10x_it.o(i.DebugMon_Handler)
    Delay_ms                                 0x08001753   Thumb Code    24  delay.o(i.Delay_ms)
    Delay_us                                 0x0800176b   Thumb Code    46  delay.o(i.Delay_us)
    EXTI15_10_IRQHandler                     0x08001799   Thumb Code    18  key.o(i.EXTI15_10_IRQHandler)
    EXTI_ClearITPendingBit                   0x080017b1   Thumb Code     6  stm32f10x_exti.o(i.EXTI_ClearITPendingBit)
    EXTI_Init                                0x080017bd   Thumb Code   142  stm32f10x_exti.o(i.EXTI_Init)
    GPIO_EXTILineConfig                      0x08001851   Thumb Code    60  stm32f10x_gpio.o(i.GPIO_EXTILineConfig)
    GPIO_Init                                0x08001891   Thumb Code   278  stm32f10x_gpio.o(i.GPIO_Init)
    GPIO_ReadInputDataBit                    0x080019a7   Thumb Code    18  stm32f10x_gpio.o(i.GPIO_ReadInputDataBit)
    GPIO_WriteBit                            0x080019b9   Thumb Code    10  stm32f10x_gpio.o(i.GPIO_WriteBit)
    HardFault_Handler                        0x080019c3   Thumb Code     4  stm32f10x_it.o(i.HardFault_Handler)
    Kalman_Filter_Init                       0x080019c9   Thumb Code    26  filters.o(i.Kalman_Filter_Init)
    Key_GetState                             0x080019f1   Thumb Code    38  key.o(i.Key_GetState)
    Key_Init                                 0x08001a1d   Thumb Code   132  key.o(i.Key_Init)
    Key_Tick                                 0x08001aa5   Thumb Code   128  key.o(i.Key_Tick)
    MemManage_Handler                        0x08001b3d   Thumb Code     4  stm32f10x_it.o(i.MemManage_Handler)
    NMI_Handler                              0x08001b41   Thumb Code     2  stm32f10x_it.o(i.NMI_Handler)
    NVIC_Init                                0x08001b45   Thumb Code   100  misc.o(i.NVIC_Init)
    NVIC_PriorityGroupConfig                 0x08001bb5   Thumb Code    10  misc.o(i.NVIC_PriorityGroupConfig)
    OLED_Clear                               0x08001bc9   Thumb Code    42  oled.o(i.OLED_Clear)
    OLED_I2C_Init                            0x08001bf5   Thumb Code    76  oled.o(i.OLED_I2C_Init)
    OLED_I2C_SendByte                        0x08001c45   Thumb Code    80  oled.o(i.OLED_I2C_SendByte)
    OLED_I2C_Start                           0x08001c99   Thumb Code    48  oled.o(i.OLED_I2C_Start)
    OLED_I2C_Stop                            0x08001ccd   Thumb Code    36  oled.o(i.OLED_I2C_Stop)
    OLED_Init                                0x08001cf5   Thumb Code   174  oled.o(i.OLED_Init)
    OLED_SetCursor                           0x08001da3   Thumb Code    34  oled.o(i.OLED_SetCursor)
    OLED_ShowChar                            0x08001dc5   Thumb Code   110  oled.o(i.OLED_ShowChar)
    OLED_ShowString                          0x08001e39   Thumb Code    40  oled.o(i.OLED_ShowString)
    OLED_WriteCommand                        0x08001e61   Thumb Code    32  oled.o(i.OLED_WriteCommand)
    OLED_WriteData                           0x08001e81   Thumb Code    32  oled.o(i.OLED_WriteData)
    PWR_EnterSTOPMode                        0x08001ea1   Thumb Code    54  stm32f10x_pwr.o(i.PWR_EnterSTOPMode)
    PendSV_Handler                           0x08001ee1   Thumb Code     2  stm32f10x_it.o(i.PendSV_Handler)
    RCC_ADCCLKConfig                         0x08001ee5   Thumb Code    18  stm32f10x_rcc.o(i.RCC_ADCCLKConfig)
    RCC_AHBPeriphClockCmd                    0x08001efd   Thumb Code    26  stm32f10x_rcc.o(i.RCC_AHBPeriphClockCmd)
    RCC_APB1PeriphClockCmd                   0x08001f1d   Thumb Code    26  stm32f10x_rcc.o(i.RCC_APB1PeriphClockCmd)
    RCC_APB2PeriphClockCmd                   0x08001f3d   Thumb Code    26  stm32f10x_rcc.o(i.RCC_APB2PeriphClockCmd)
    R_Filter                                 0x08001f5d   Thumb Code    62  filters.o(i.R_Filter)
    SVC_Handler                              0x08001fa5   Thumb Code     2  stm32f10x_it.o(i.SVC_Handler)
    SysTick_Handler                          0x08002091   Thumb Code     2  stm32f10x_it.o(i.SysTick_Handler)
    SystemInit                               0x08002095   Thumb Code    78  system_stm32f10x.o(i.SystemInit)
    TIM2_IRQHandler                          0x080020f5   Thumb Code    38  main.o(i.TIM2_IRQHandler)
    TIM_ClearFlag                            0x08002121   Thumb Code     6  stm32f10x_tim.o(i.TIM_ClearFlag)
    TIM_ClearITPendingBit                    0x08002127   Thumb Code     6  stm32f10x_tim.o(i.TIM_ClearITPendingBit)
    TIM_Cmd                                  0x0800212d   Thumb Code    24  stm32f10x_tim.o(i.TIM_Cmd)
    TIM_GetITStatus                          0x08002145   Thumb Code    34  stm32f10x_tim.o(i.TIM_GetITStatus)
    TIM_ITConfig                             0x08002167   Thumb Code    18  stm32f10x_tim.o(i.TIM_ITConfig)
    TIM_InternalClockConfig                  0x08002179   Thumb Code    12  stm32f10x_tim.o(i.TIM_InternalClockConfig)
    TIM_TimeBaseInit                         0x08002185   Thumb Code   122  stm32f10x_tim.o(i.TIM_TimeBaseInit)
    Timer_Init                               0x08002229   Thumb Code   120  timer.o(i.Timer_Init)
    UsageFault_Handler                       0x080022a1   Thumb Code     4  stm32f10x_it.o(i.UsageFault_Handler)
    __ARM_fpclassify                         0x080022a5   Thumb Code    40  fpclassify.o(i.__ARM_fpclassify)
    _is_digit                                0x080022cd   Thumb Code    14  __printf_wp.o(i._is_digit)
    filter5                                  0x080022dd   Thumb Code   128  filters.o(i.filter5)
    main                                     0x08002361   Thumb Code  1298  main.o(i.main)
    sqrt                                     0x08002879   Thumb Code    76  sqrt.o(i.sqrt)
    _get_lc_numeric                          0x080028c5   Thumb Code    44  lc_numeric_c.o(locale$$code)
    __aeabi_d2f                              0x080028f1   Thumb Code     0  d2f.o(x$fpl$d2f)
    _d2f                                     0x080028f1   Thumb Code    98  d2f.o(x$fpl$d2f)
    __aeabi_dadd                             0x08002955   Thumb Code     0  daddsub_clz.o(x$fpl$dadd)
    _dadd                                    0x08002955   Thumb Code   332  daddsub_clz.o(x$fpl$dadd)
    __fpl_dcmp_Inf                           0x08002aa5   Thumb Code    24  dcmpi.o(x$fpl$dcmpinf)
    __aeabi_ddiv                             0x08002abd   Thumb Code     0  ddiv.o(x$fpl$ddiv)
    _ddiv                                    0x08002abd   Thumb Code   552  ddiv.o(x$fpl$ddiv)
    __aeabi_ui2d                             0x08002d6d   Thumb Code     0  dflt_clz.o(x$fpl$dfltu)
    _dfltu                                   0x08002d6d   Thumb Code    38  dflt_clz.o(x$fpl$dfltu)
    __aeabi_cdcmple                          0x08002d95   Thumb Code     0  dleqf.o(x$fpl$dleqf)
    _dcmple                                  0x08002d95   Thumb Code   120  dleqf.o(x$fpl$dleqf)
    __fpl_dcmple_InfNaN                      0x08002df7   Thumb Code     0  dleqf.o(x$fpl$dleqf)
    __aeabi_dmul                             0x08002e0d   Thumb Code     0  dmul.o(x$fpl$dmul)
    _dmul                                    0x08002e0d   Thumb Code   332  dmul.o(x$fpl$dmul)
    __fpl_dnaninf                            0x08002f61   Thumb Code   156  dnaninf.o(x$fpl$dnaninf)
    __fpl_dretinf                            0x08002ffd   Thumb Code    12  dretinf.o(x$fpl$dretinf)
    __aeabi_cdrcmple                         0x08003009   Thumb Code     0  drleqf.o(x$fpl$drleqf)
    _drcmple                                 0x08003009   Thumb Code   108  drleqf.o(x$fpl$drleqf)
    __aeabi_drsub                            0x08003075   Thumb Code     0  daddsub_clz.o(x$fpl$drsb)
    _drsb                                    0x08003075   Thumb Code    22  daddsub_clz.o(x$fpl$drsb)
    _dsqrt                                   0x0800308d   Thumb Code   456  dsqrt_noumaal.o(x$fpl$dsqrt)
    __aeabi_dsub                             0x08003259   Thumb Code     0  daddsub_clz.o(x$fpl$dsub)
    _dsub                                    0x08003259   Thumb Code   464  daddsub_clz.o(x$fpl$dsub)
    __aeabi_f2d                              0x0800342d   Thumb Code     0  f2d.o(x$fpl$f2d)
    _f2d                                     0x0800342d   Thumb Code    86  f2d.o(x$fpl$f2d)
    __aeabi_fadd                             0x08003485   Thumb Code     0  faddsub_clz.o(x$fpl$fadd)
    _fadd                                    0x08003485   Thumb Code   196  faddsub_clz.o(x$fpl$fadd)
    __fpl_fcmp_Inf                           0x08003549   Thumb Code    24  fcmpi.o(x$fpl$fcmpinf)
    __aeabi_fdiv                             0x08003561   Thumb Code     0  fdiv.o(x$fpl$fdiv)
    _fdiv                                    0x08003561   Thumb Code   384  fdiv.o(x$fpl$fdiv)
    __aeabi_i2f                              0x080036e5   Thumb Code     0  fflt_clz.o(x$fpl$fflt)
    _fflt                                    0x080036e5   Thumb Code    48  fflt_clz.o(x$fpl$fflt)
    __aeabi_cfcmple                          0x08003715   Thumb Code     0  fleqf.o(x$fpl$fleqf)
    _fcmple                                  0x08003715   Thumb Code   104  fleqf.o(x$fpl$fleqf)
    __fpl_fcmple_InfNaN                      0x08003767   Thumb Code     0  fleqf.o(x$fpl$fleqf)
    __aeabi_fmul                             0x0800377d   Thumb Code     0  fmul.o(x$fpl$fmul)
    _fmul                                    0x0800377d   Thumb Code   258  fmul.o(x$fpl$fmul)
    __fpl_fnaninf                            0x0800387f   Thumb Code   140  fnaninf.o(x$fpl$fnaninf)
    __fpl_fretinf                            0x0800390b   Thumb Code    10  fretinf.o(x$fpl$fretinf)
    __aeabi_cfrcmple                         0x08003915   Thumb Code     0  frleqf.o(x$fpl$frleqf)
    _frcmple                                 0x08003915   Thumb Code    98  frleqf.o(x$fpl$frleqf)
    __aeabi_fsub                             0x08003979   Thumb Code     0  faddsub_clz.o(x$fpl$fsub)
    _fsub                                    0x08003979   Thumb Code   234  faddsub_clz.o(x$fpl$fsub)
    _printf_fp_dec                           0x08003a63   Thumb Code     4  printf1.o(x$fpl$printf1)
    OLED_F8x16                               0x08003a66   Data        1520  oled.o(.constdata)
    __I$use$fp                               0x08003a66   Number         0  usenofp.o(x$fpl$usenofp)
    Region$$Table$$Base                      0x080040ec   Number         0  anon$$obj.o(Region$$Table)
    Region$$Table$$Limit                     0x0800410c   Number         0  anon$$obj.o(Region$$Table)
    Mode                                     0x20000000   Data           1  key.o(.data)
    Range                                    0x20000001   Data           1  key.o(.data)
    Filt_Value                               0x20000008   Data           4  filters.o(.data)
    m                                        0x2000000c   Data           4  filters.o(.data)
    u1                                       0x20000010   Data           4  filters.o(.data)
    u2                                       0x20000014   Data           4  filters.o(.data)
    ur                                       0x20000018   Data           4  filters.o(.data)
    n                                        0x2000001c   Data           4  filters.o(.data)
    TrueValue                                0x20000020   Data           4  main.o(.data)
    Num                                      0x20000024   Data           2  main.o(.data)
    Sleepflag                                0x20000026   Data           1  main.o(.data)
    AD_Value                                 0x20000028   Data          12  ad.o(.bss)
    KalmanInfo                               0x20000034   Data          24  filters.o(.bss)
    filter_buf                               0x2000004c   Data        2002  filters.o(.bss)
    OLEDString                               0x2000081e   Data          10  main.o(.bss)
    __libspace_start                         0x20000828   Data          96  libspace.o(.bss)
    __temporary_stack_top$libspace           0x20000888   Data           0  libspace.o(.bss)



==============================================================================

Memory Map of the image

  Image Entry point : 0x080000ed

  Load Region LR_IROM1 (Base: 0x08000000, Size: 0x00004150, Max: 0x00010000, ABSOLUTE)

    Execution Region ER_IROM1 (Exec base: 0x08000000, Load base: 0x08000000, Size: 0x00004128, Max: 0x00010000, ABSOLUTE)

    Exec Addr    Load Addr    Size         Type   Attr      Idx    E Section Name        Object

    0x08000000   0x08000000   0x000000ec   Data   RO            3    RESET               startup_stm32f10x_md.o
    0x080000ec   0x080000ec   0x00000008   Code   RO         3594  * !!!main             c_w.l(__main.o)
    0x080000f4   0x080000f4   0x00000034   Code   RO         3883    !!!scatter          c_w.l(__scatter.o)
    0x08000128   0x08000128   0x0000001a   Code   RO         3885    !!handler_copy      c_w.l(__scatter_copy.o)
    0x08000142   0x08000142   0x00000002   PAD
    0x08000144   0x08000144   0x0000001c   Code   RO         3887    !!handler_zi        c_w.l(__scatter_zi.o)
    0x08000160   0x08000160   0x00000000   Code   RO         3591    .ARM.Collect$$_printf_percent$$00000000  c_w.l(_printf_percent.o)
    0x08000160   0x08000160   0x00000006   Code   RO         3590    .ARM.Collect$$_printf_percent$$00000003  c_w.l(_printf_f.o)
    0x08000166   0x08000166   0x00000004   Code   RO         3659    .ARM.Collect$$_printf_percent$$00000017  c_w.l(_printf_percent_end.o)
    0x0800016a   0x0800016a   0x00000002   Code   RO         3756    .ARM.Collect$$libinit$$00000000  c_w.l(libinit.o)
    0x0800016c   0x0800016c   0x00000000   Code   RO         3758    .ARM.Collect$$libinit$$00000002  c_w.l(libinit2.o)
    0x0800016c   0x0800016c   0x00000000   Code   RO         3760    .ARM.Collect$$libinit$$00000004  c_w.l(libinit2.o)
    0x0800016c   0x0800016c   0x00000000   Code   RO         3763    .ARM.Collect$$libinit$$0000000A  c_w.l(libinit2.o)
    0x0800016c   0x0800016c   0x00000000   Code   RO         3765    .ARM.Collect$$libinit$$0000000C  c_w.l(libinit2.o)
    0x0800016c   0x0800016c   0x00000000   Code   RO         3767    .ARM.Collect$$libinit$$0000000E  c_w.l(libinit2.o)
    0x0800016c   0x0800016c   0x00000006   Code   RO         3768    .ARM.Collect$$libinit$$0000000F  c_w.l(libinit2.o)
    0x08000172   0x08000172   0x00000000   Code   RO         3770    .ARM.Collect$$libinit$$00000011  c_w.l(libinit2.o)
    0x08000172   0x08000172   0x00000000   Code   RO         3772    .ARM.Collect$$libinit$$00000013  c_w.l(libinit2.o)
    0x08000172   0x08000172   0x00000000   Code   RO         3774    .ARM.Collect$$libinit$$00000015  c_w.l(libinit2.o)
    0x08000172   0x08000172   0x0000000a   Code   RO         3775    .ARM.Collect$$libinit$$00000016  c_w.l(libinit2.o)
    0x0800017c   0x0800017c   0x00000000   Code   RO         3776    .ARM.Collect$$libinit$$00000017  c_w.l(libinit2.o)
    0x0800017c   0x0800017c   0x00000000   Code   RO         3778    .ARM.Collect$$libinit$$00000019  c_w.l(libinit2.o)
    0x0800017c   0x0800017c   0x00000000   Code   RO         3780    .ARM.Collect$$libinit$$0000001B  c_w.l(libinit2.o)
    0x0800017c   0x0800017c   0x00000000   Code   RO         3782    .ARM.Collect$$libinit$$0000001D  c_w.l(libinit2.o)
    0x0800017c   0x0800017c   0x00000000   Code   RO         3784    .ARM.Collect$$libinit$$0000001F  c_w.l(libinit2.o)
    0x0800017c   0x0800017c   0x00000000   Code   RO         3786    .ARM.Collect$$libinit$$00000021  c_w.l(libinit2.o)
    0x0800017c   0x0800017c   0x00000000   Code   RO         3788    .ARM.Collect$$libinit$$00000023  c_w.l(libinit2.o)
    0x0800017c   0x0800017c   0x00000000   Code   RO         3790    .ARM.Collect$$libinit$$00000025  c_w.l(libinit2.o)
    0x0800017c   0x0800017c   0x00000000   Code   RO         3794    .ARM.Collect$$libinit$$0000002C  c_w.l(libinit2.o)
    0x0800017c   0x0800017c   0x00000000   Code   RO         3796    .ARM.Collect$$libinit$$0000002E  c_w.l(libinit2.o)
    0x0800017c   0x0800017c   0x00000000   Code   RO         3798    .ARM.Collect$$libinit$$00000030  c_w.l(libinit2.o)
    0x0800017c   0x0800017c   0x00000000   Code   RO         3800    .ARM.Collect$$libinit$$00000032  c_w.l(libinit2.o)
    0x0800017c   0x0800017c   0x00000002   Code   RO         3801    .ARM.Collect$$libinit$$00000033  c_w.l(libinit2.o)
    0x0800017e   0x0800017e   0x00000002   Code   RO         3831    .ARM.Collect$$libshutdown$$00000000  c_w.l(libshutdown.o)
    0x08000180   0x08000180   0x00000000   Code   RO         3842    .ARM.Collect$$libshutdown$$00000002  c_w.l(libshutdown2.o)
    0x08000180   0x08000180   0x00000000   Code   RO         3844    .ARM.Collect$$libshutdown$$00000004  c_w.l(libshutdown2.o)
    0x08000180   0x08000180   0x00000000   Code   RO         3847    .ARM.Collect$$libshutdown$$00000007  c_w.l(libshutdown2.o)
    0x08000180   0x08000180   0x00000000   Code   RO         3850    .ARM.Collect$$libshutdown$$0000000A  c_w.l(libshutdown2.o)
    0x08000180   0x08000180   0x00000000   Code   RO         3852    .ARM.Collect$$libshutdown$$0000000C  c_w.l(libshutdown2.o)
    0x08000180   0x08000180   0x00000000   Code   RO         3855    .ARM.Collect$$libshutdown$$0000000F  c_w.l(libshutdown2.o)
    0x08000180   0x08000180   0x00000002   Code   RO         3856    .ARM.Collect$$libshutdown$$00000010  c_w.l(libshutdown2.o)
    0x08000182   0x08000182   0x00000000   Code   RO         3650    .ARM.Collect$$rtentry$$00000000  c_w.l(__rtentry.o)
    0x08000182   0x08000182   0x00000000   Code   RO         3676    .ARM.Collect$$rtentry$$00000002  c_w.l(__rtentry2.o)
    0x08000182   0x08000182   0x00000006   Code   RO         3688    .ARM.Collect$$rtentry$$00000004  c_w.l(__rtentry4.o)
    0x08000188   0x08000188   0x00000000   Code   RO         3678    .ARM.Collect$$rtentry$$00000009  c_w.l(__rtentry2.o)
    0x08000188   0x08000188   0x00000004   Code   RO         3679    .ARM.Collect$$rtentry$$0000000A  c_w.l(__rtentry2.o)
    0x0800018c   0x0800018c   0x00000000   Code   RO         3681    .ARM.Collect$$rtentry$$0000000C  c_w.l(__rtentry2.o)
    0x0800018c   0x0800018c   0x00000008   Code   RO         3682    .ARM.Collect$$rtentry$$0000000D  c_w.l(__rtentry2.o)
    0x08000194   0x08000194   0x00000002   Code   RO         3802    .ARM.Collect$$rtexit$$00000000  c_w.l(rtexit.o)
    0x08000196   0x08000196   0x00000000   Code   RO         3809    .ARM.Collect$$rtexit$$00000002  c_w.l(rtexit2.o)
    0x08000196   0x08000196   0x00000004   Code   RO         3810    .ARM.Collect$$rtexit$$00000003  c_w.l(rtexit2.o)
    0x0800019a   0x0800019a   0x00000006   Code   RO         3811    .ARM.Collect$$rtexit$$00000004  c_w.l(rtexit2.o)
    0x080001a0   0x080001a0   0x00000040   Code   RO            4    .text               startup_stm32f10x_md.o
    0x080001e0   0x080001e0   0x00000028   Code   RO         3566    .text               c_w.l(noretval__2sprintf.o)
    0x08000208   0x08000208   0x0000010e   Code   RO         3578    .text               c_w.l(__printf_wp.o)
    0x08000316   0x08000316   0x00000006   Code   RO         3592    .text               c_w.l(heapauxi.o)
    0x0800031c   0x0800031c   0x00000016   Code   RO         3651    .text               c_w.l(_rserrno.o)
    0x08000332   0x08000332   0x0000041e   Code   RO         3653    .text               c_w.l(_printf_fp_dec.o)
    0x08000750   0x08000750   0x00000030   Code   RO         3655    .text               c_w.l(_printf_char_common.o)
    0x08000780   0x08000780   0x0000000a   Code   RO         3657    .text               c_w.l(_sputc.o)
    0x0800078a   0x0800078a   0x00000002   PAD
    0x0800078c   0x0800078c   0x00000008   Code   RO         3693    .text               c_w.l(rt_locale_intlibspace.o)
    0x08000794   0x08000794   0x00000008   Code   RO         3698    .text               c_w.l(rt_errno_addr_intlibspace.o)
    0x0800079c   0x0800079c   0x0000008a   Code   RO         3700    .text               c_w.l(lludiv10.o)
    0x08000826   0x08000826   0x00000002   PAD
    0x08000828   0x08000828   0x00000080   Code   RO         3702    .text               c_w.l(_printf_fp_infnan.o)
    0x080008a8   0x080008a8   0x000000e4   Code   RO         3706    .text               c_w.l(bigflt0.o)
    0x0800098c   0x0800098c   0x00000008   Code   RO         3742    .text               c_w.l(libspace.o)
    0x08000994   0x08000994   0x0000004a   Code   RO         3745    .text               c_w.l(sys_stackheap_outer.o)
    0x080009de   0x080009de   0x00000012   Code   RO         3747    .text               c_w.l(exit.o)
    0x080009f0   0x080009f0   0x00000080   Code   RO         3749    .text               c_w.l(strcmpv7m.o)
    0x08000a70   0x08000a70   0x0000000c   Code   RO         3821    .text               c_w.l(sys_exit.o)
    0x08000a7c   0x08000a7c   0x00000002   Code   RO         3832    .text               c_w.l(use_no_semi.o)
    0x08000a7e   0x08000a7e   0x00000000   Code   RO         3834    .text               c_w.l(indicate_semi.o)
    0x08000a7e   0x08000a7e   0x0000003e   Code   RO         3709    CL$$btod_d2e        c_w.l(btod.o)
    0x08000abc   0x08000abc   0x00000046   Code   RO         3711    CL$$btod_d2e_denorm_low  c_w.l(btod.o)
    0x08000b02   0x08000b02   0x00000060   Code   RO         3710    CL$$btod_d2e_norm_op1  c_w.l(btod.o)
    0x08000b62   0x08000b62   0x00000338   Code   RO         3719    CL$$btod_div_common  c_w.l(btod.o)
    0x08000e9a   0x08000e9a   0x000000dc   Code   RO         3716    CL$$btod_e2e        c_w.l(btod.o)
    0x08000f76   0x08000f76   0x0000002a   Code   RO         3713    CL$$btod_ediv       c_w.l(btod.o)
    0x08000fa0   0x08000fa0   0x0000002a   Code   RO         3712    CL$$btod_emul       c_w.l(btod.o)
    0x08000fca   0x08000fca   0x00000244   Code   RO         3718    CL$$btod_mult_common  c_w.l(btod.o)
    0x0800120e   0x0800120e   0x00000002   PAD
    0x08001210   0x08001210   0x000001c0   Code   RO         3389    i.AC_Cal_Filter     filters.o
    0x080013d0   0x080013d0   0x00000016   Code   RO          202    i.ADC_Cmd           stm32f10x_adc.o
    0x080013e6   0x080013e6   0x00000016   Code   RO          203    i.ADC_DMACmd        stm32f10x_adc.o
    0x080013fc   0x080013fc   0x00000014   Code   RO          210    i.ADC_GetCalibrationStatus  stm32f10x_adc.o
    0x08001410   0x08001410   0x00000014   Code   RO          216    i.ADC_GetResetCalibrationStatus  stm32f10x_adc.o
    0x08001424   0x08001424   0x00000050   Code   RO          220    i.ADC_Init          stm32f10x_adc.o
    0x08001474   0x08001474   0x000000b8   Code   RO          224    i.ADC_RegularChannelConfig  stm32f10x_adc.o
    0x0800152c   0x0800152c   0x0000000a   Code   RO          225    i.ADC_ResetCalibration  stm32f10x_adc.o
    0x08001536   0x08001536   0x00000016   Code   RO          227    i.ADC_SoftwareStartConvCmd  stm32f10x_adc.o
    0x0800154c   0x0800154c   0x0000000a   Code   RO          229    i.ADC_StartCalibration  stm32f10x_adc.o
    0x08001556   0x08001556   0x00000002   PAD
    0x08001558   0x08001558   0x00000158   Code   RO         3374    i.AD_Init           ad.o
    0x080016b0   0x080016b0   0x00000004   Code   RO         3499    i.BusFault_Handler  stm32f10x_it.o
    0x080016b4   0x080016b4   0x00000048   Code   RO         3390    i.DC_Filter         filters.o
    0x080016fc   0x080016fc   0x00000018   Code   RO          911    i.DMA_Cmd           stm32f10x_dma.o
    0x08001714   0x08001714   0x0000003c   Code   RO          917    i.DMA_Init          stm32f10x_dma.o
    0x08001750   0x08001750   0x00000002   Code   RO         3500    i.DebugMon_Handler  stm32f10x_it.o
    0x08001752   0x08001752   0x00000018   Code   RO         3196    i.Delay_ms          delay.o
    0x0800176a   0x0800176a   0x0000002e   Code   RO         3198    i.Delay_us          delay.o
    0x08001798   0x08001798   0x00000018   Code   RO         3232    i.EXTI15_10_IRQHandler  key.o
    0x080017b0   0x080017b0   0x0000000c   Code   RO          985    i.EXTI_ClearITPendingBit  stm32f10x_exti.o
    0x080017bc   0x080017bc   0x00000094   Code   RO          990    i.EXTI_Init         stm32f10x_exti.o
    0x08001850   0x08001850   0x00000040   Code   RO         1344    i.GPIO_EXTILineConfig  stm32f10x_gpio.o
    0x08001890   0x08001890   0x00000116   Code   RO         1347    i.GPIO_Init         stm32f10x_gpio.o
    0x080019a6   0x080019a6   0x00000012   Code   RO         1351    i.GPIO_ReadInputDataBit  stm32f10x_gpio.o
    0x080019b8   0x080019b8   0x0000000a   Code   RO         1358    i.GPIO_WriteBit     stm32f10x_gpio.o
    0x080019c2   0x080019c2   0x00000004   Code   RO         3501    i.HardFault_Handler  stm32f10x_it.o
    0x080019c6   0x080019c6   0x00000002   PAD
    0x080019c8   0x080019c8   0x00000028   Code   RO         3392    i.Kalman_Filter_Init  filters.o
    0x080019f0   0x080019f0   0x0000002c   Code   RO         3233    i.Key_GetState      key.o
    0x08001a1c   0x08001a1c   0x00000088   Code   RO         3234    i.Key_Init          key.o
    0x08001aa4   0x08001aa4   0x00000098   Code   RO         3235    i.Key_Tick          key.o
    0x08001b3c   0x08001b3c   0x00000004   Code   RO         3502    i.MemManage_Handler  stm32f10x_it.o
    0x08001b40   0x08001b40   0x00000002   Code   RO         3503    i.NMI_Handler       stm32f10x_it.o
    0x08001b42   0x08001b42   0x00000002   PAD
    0x08001b44   0x08001b44   0x00000070   Code   RO          137    i.NVIC_Init         misc.o
    0x08001bb4   0x08001bb4   0x00000014   Code   RO          138    i.NVIC_PriorityGroupConfig  misc.o
    0x08001bc8   0x08001bc8   0x0000002a   Code   RO         3266    i.OLED_Clear        oled.o
    0x08001bf2   0x08001bf2   0x00000002   PAD
    0x08001bf4   0x08001bf4   0x00000050   Code   RO         3267    i.OLED_I2C_Init     oled.o
    0x08001c44   0x08001c44   0x00000054   Code   RO         3268    i.OLED_I2C_SendByte  oled.o
    0x08001c98   0x08001c98   0x00000034   Code   RO         3269    i.OLED_I2C_Start    oled.o
    0x08001ccc   0x08001ccc   0x00000028   Code   RO         3270    i.OLED_I2C_Stop     oled.o
    0x08001cf4   0x08001cf4   0x000000ae   Code   RO         3271    i.OLED_Init         oled.o
    0x08001da2   0x08001da2   0x00000022   Code   RO         3273    i.OLED_SetCursor    oled.o
    0x08001dc4   0x08001dc4   0x00000074   Code   RO         3275    i.OLED_ShowChar     oled.o
    0x08001e38   0x08001e38   0x00000028   Code   RO         3279    i.OLED_ShowString   oled.o
    0x08001e60   0x08001e60   0x00000020   Code   RO         3280    i.OLED_WriteCommand  oled.o
    0x08001e80   0x08001e80   0x00000020   Code   RO         3281    i.OLED_WriteData    oled.o
    0x08001ea0   0x08001ea0   0x00000040   Code   RO         1714    i.PWR_EnterSTOPMode  stm32f10x_pwr.o
    0x08001ee0   0x08001ee0   0x00000002   Code   RO         3504    i.PendSV_Handler    stm32f10x_it.o
    0x08001ee2   0x08001ee2   0x00000002   PAD
    0x08001ee4   0x08001ee4   0x00000018   Code   RO         1773    i.RCC_ADCCLKConfig  stm32f10x_rcc.o
    0x08001efc   0x08001efc   0x00000020   Code   RO         1774    i.RCC_AHBPeriphClockCmd  stm32f10x_rcc.o
    0x08001f1c   0x08001f1c   0x00000020   Code   RO         1775    i.RCC_APB1PeriphClockCmd  stm32f10x_rcc.o
    0x08001f3c   0x08001f3c   0x00000020   Code   RO         1777    i.RCC_APB2PeriphClockCmd  stm32f10x_rcc.o
    0x08001f5c   0x08001f5c   0x00000048   Code   RO         3393    i.R_Filter          filters.o
    0x08001fa4   0x08001fa4   0x00000002   Code   RO         3505    i.SVC_Handler       stm32f10x_it.o
    0x08001fa6   0x08001fa6   0x00000008   Code   RO           24    i.SetSysClock       system_stm32f10x.o
    0x08001fae   0x08001fae   0x00000002   PAD
    0x08001fb0   0x08001fb0   0x000000e0   Code   RO           25    i.SetSysClockTo72   system_stm32f10x.o
    0x08002090   0x08002090   0x00000002   Code   RO         3506    i.SysTick_Handler   stm32f10x_it.o
    0x08002092   0x08002092   0x00000002   PAD
    0x08002094   0x08002094   0x00000060   Code   RO           27    i.SystemInit        system_stm32f10x.o
    0x080020f4   0x080020f4   0x0000002c   Code   RO         3456    i.TIM2_IRQHandler   main.o
    0x08002120   0x08002120   0x00000006   Code   RO         2415    i.TIM_ClearFlag     stm32f10x_tim.o
    0x08002126   0x08002126   0x00000006   Code   RO         2416    i.TIM_ClearITPendingBit  stm32f10x_tim.o
    0x0800212c   0x0800212c   0x00000018   Code   RO         2421    i.TIM_Cmd           stm32f10x_tim.o
    0x08002144   0x08002144   0x00000022   Code   RO         2442    i.TIM_GetITStatus   stm32f10x_tim.o
    0x08002166   0x08002166   0x00000012   Code   RO         2446    i.TIM_ITConfig      stm32f10x_tim.o
    0x08002178   0x08002178   0x0000000c   Code   RO         2448    i.TIM_InternalClockConfig  stm32f10x_tim.o
    0x08002184   0x08002184   0x000000a4   Code   RO         2492    i.TIM_TimeBaseInit  stm32f10x_tim.o
    0x08002228   0x08002228   0x00000078   Code   RO         3220    i.Timer_Init        timer.o
    0x080022a0   0x080022a0   0x00000004   Code   RO         3507    i.UsageFault_Handler  stm32f10x_it.o
    0x080022a4   0x080022a4   0x00000028   Code   RO         3740    i.__ARM_fpclassify  m_ws.l(fpclassify.o)
    0x080022cc   0x080022cc   0x0000000e   Code   RO         3580    i._is_digit         c_w.l(__printf_wp.o)
    0x080022da   0x080022da   0x00000002   PAD
    0x080022dc   0x080022dc   0x00000084   Code   RO         3395    i.filter5           filters.o
    0x08002360   0x08002360   0x00000518   Code   RO         3457    i.main              main.o
    0x08002878   0x08002878   0x0000004c   Code   RO         3643    i.sqrt              m_ws.l(sqrt.o)
    0x080028c4   0x080028c4   0x0000002c   Code   RO         3732    locale$$code        c_w.l(lc_numeric_c.o)
    0x080028f0   0x080028f0   0x00000062   Code   RO         3596    x$fpl$d2f           fz_ws.l(d2f.o)
    0x08002952   0x08002952   0x00000002   PAD
    0x08002954   0x08002954   0x00000150   Code   RO         3598    x$fpl$dadd          fz_ws.l(daddsub_clz.o)
    0x08002aa4   0x08002aa4   0x00000018   Code   RO         3734    x$fpl$dcmpinf       fz_ws.l(dcmpi.o)
    0x08002abc   0x08002abc   0x000002b0   Code   RO         3605    x$fpl$ddiv          fz_ws.l(ddiv.o)
    0x08002d6c   0x08002d6c   0x00000026   Code   RO         3608    x$fpl$dfltu         fz_ws.l(dflt_clz.o)
    0x08002d92   0x08002d92   0x00000002   PAD
    0x08002d94   0x08002d94   0x00000078   Code   RO         3660    x$fpl$dleqf         fz_ws.l(dleqf.o)
    0x08002e0c   0x08002e0c   0x00000154   Code   RO         3614    x$fpl$dmul          fz_ws.l(dmul.o)
    0x08002f60   0x08002f60   0x0000009c   Code   RO         3662    x$fpl$dnaninf       fz_ws.l(dnaninf.o)
    0x08002ffc   0x08002ffc   0x0000000c   Code   RO         3664    x$fpl$dretinf       fz_ws.l(dretinf.o)
    0x08003008   0x08003008   0x0000006c   Code   RO         3616    x$fpl$drleqf        fz_ws.l(drleqf.o)
    0x08003074   0x08003074   0x00000016   Code   RO         3599    x$fpl$drsb          fz_ws.l(daddsub_clz.o)
    0x0800308a   0x0800308a   0x00000002   PAD
    0x0800308c   0x0800308c   0x000001cc   Code   RO         3666    x$fpl$dsqrt         fz_ws.l(dsqrt_noumaal.o)
    0x08003258   0x08003258   0x000001d4   Code   RO         3600    x$fpl$dsub          fz_ws.l(daddsub_clz.o)
    0x0800342c   0x0800342c   0x00000056   Code   RO         3618    x$fpl$f2d           fz_ws.l(f2d.o)
    0x08003482   0x08003482   0x00000002   PAD
    0x08003484   0x08003484   0x000000c4   Code   RO         3620    x$fpl$fadd          fz_ws.l(faddsub_clz.o)
    0x08003548   0x08003548   0x00000018   Code   RO         3736    x$fpl$fcmpinf       fz_ws.l(fcmpi.o)
    0x08003560   0x08003560   0x00000184   Code   RO         3627    x$fpl$fdiv          fz_ws.l(fdiv.o)
    0x080036e4   0x080036e4   0x00000030   Code   RO         3631    x$fpl$fflt          fz_ws.l(fflt_clz.o)
    0x08003714   0x08003714   0x00000068   Code   RO         3668    x$fpl$fleqf         fz_ws.l(fleqf.o)
    0x0800377c   0x0800377c   0x00000102   Code   RO         3636    x$fpl$fmul          fz_ws.l(fmul.o)
    0x0800387e   0x0800387e   0x0000008c   Code   RO         3670    x$fpl$fnaninf       fz_ws.l(fnaninf.o)
    0x0800390a   0x0800390a   0x0000000a   Code   RO         3672    x$fpl$fretinf       fz_ws.l(fretinf.o)
    0x08003914   0x08003914   0x00000062   Code   RO         3638    x$fpl$frleqf        fz_ws.l(frleqf.o)
    0x08003976   0x08003976   0x00000002   PAD
    0x08003978   0x08003978   0x000000ea   Code   RO         3622    x$fpl$fsub          fz_ws.l(faddsub_clz.o)
    0x08003a62   0x08003a62   0x00000004   Code   RO         3640    x$fpl$printf1       fz_ws.l(printf1.o)
    0x08003a66   0x08003a66   0x00000000   Code   RO         3674    x$fpl$usenofp       fz_ws.l(usenofp.o)
    0x08003a66   0x08003a66   0x000005f0   Data   RO         3282    .constdata          oled.o
    0x08004056   0x08004056   0x00000002   PAD
    0x08004058   0x08004058   0x00000094   Data   RO         3707    .constdata          c_w.l(bigflt0.o)
    0x080040ec   0x080040ec   0x00000020   Data   RO         3881    Region$$Table       anon$$obj.o
    0x0800410c   0x0800410c   0x0000001c   Data   RO         3731    locale$$data        c_w.l(lc_numeric_c.o)


    Execution Region RW_IRAM1 (Exec base: 0x20000000, Load base: 0x08004128, Size: 0x00000e88, Max: 0x00005000, ABSOLUTE)

    Exec Addr    Load Addr    Size         Type   Attr      Idx    E Section Name        Object

    0x20000000   0x08004128   0x00000005   Data   RW         3236    .data               key.o
    0x20000005   0x0800412d   0x00000003   PAD
    0x20000008   0x08004130   0x00000018   Data   RW         3397    .data               filters.o
    0x20000020   0x08004148   0x00000007   Data   RW         3459    .data               main.o
    0x20000027   0x0800414f   0x00000001   PAD
    0x20000028        -       0x0000000c   Zero   RW         3375    .bss                ad.o
    0x20000034        -       0x000007ea   Zero   RW         3396    .bss                filters.o
    0x2000081e        -       0x0000000a   Zero   RW         3458    .bss                main.o
    0x20000828        -       0x00000060   Zero   RW         3743    .bss                c_w.l(libspace.o)
    0x20000888        -       0x00000200   Zero   RW            2    HEAP                startup_stm32f10x_md.o
    0x20000a88        -       0x00000400   Zero   RW            1    STACK               startup_stm32f10x_md.o


==============================================================================

Image component sizes


      Code (inc. data)   RO Data    RW Data    ZI Data      Debug   Object Name

       344         22          0          0         12       1181   ad.o
         0          0          0          0          0       4508   core_cm3.o
        70          0          0          0          0        914   delay.o
       764        108          0         24       2026       4226   filters.o
       356         40          0          5          0       2277   key.o
      1348        258          0          7         10       2091   main.o
       132         22          0          0          0     215879   misc.o
       726         22       1520          0          0       6271   oled.o
        64         26        236          0       1536        812   startup_stm32f10x_md.o
       390         10          0          0          0      17641   stm32f10x_adc.o
        84          0          0          0          0      12433   stm32f10x_dma.o
       160         12          0          0          0       3497   stm32f10x_exti.o
       370          4          0          0          0      11890   stm32f10x_gpio.o
        26          0          0          0          0       3694   stm32f10x_it.o
        64         10          0          0          0        600   stm32f10x_pwr.o
       120         24          0          0          0       2101   stm32f10x_rcc.o
       264         42          0          0          0      24580   stm32f10x_tim.o
       328         28          0          0          0      40249   system_stm32f10x.o
       120          0          0          0          0        545   timer.o

    ----------------------------------------------------------------------
      5744        628       1790         40       3584     355389   Object Totals
         0          0         32          0          0          0   (incl. Generated)
        14          0          2          4          0          0   (incl. Padding)

    ----------------------------------------------------------------------

      Code (inc. data)   RO Data    RW Data    ZI Data      Debug   Library Member Name

         8          0          0          0          0         68   __main.o
       284          0          0          0          0        156   __printf_wp.o
         0          0          0          0          0          0   __rtentry.o
        12          0          0          0          0          0   __rtentry2.o
         6          0          0          0          0          0   __rtentry4.o
        52          8          0          0          0          0   __scatter.o
        26          0          0          0          0          0   __scatter_copy.o
        28          0          0          0          0          0   __scatter_zi.o
        48          6          0          0          0         96   _printf_char_common.o
         6          0          0          0          0          0   _printf_f.o
      1054          0          0          0          0        216   _printf_fp_dec.o
       128         16          0          0          0         84   _printf_fp_infnan.o
         0          0          0          0          0          0   _printf_percent.o
         4          0          0          0          0          0   _printf_percent_end.o
        22          0          0          0          0        100   _rserrno.o
        10          0          0          0          0         68   _sputc.o
       228          4        148          0          0         96   bigflt0.o
      1936        128          0          0          0        672   btod.o
        18          0          0          0          0         80   exit.o
         6          0          0          0          0        152   heapauxi.o
         0          0          0          0          0          0   indicate_semi.o
        44         10         28          0          0         76   lc_numeric_c.o
         2          0          0          0          0          0   libinit.o
        18          0          0          0          0          0   libinit2.o
         2          0          0          0          0          0   libshutdown.o
         2          0          0          0          0          0   libshutdown2.o
         8          4          0          0         96         68   libspace.o
       138          0          0          0          0         80   lludiv10.o
        40          6          0          0          0         84   noretval__2sprintf.o
         8          4          0          0          0         68   rt_errno_addr_intlibspace.o
         8          4          0          0          0         68   rt_locale_intlibspace.o
         2          0          0          0          0          0   rtexit.o
        10          0          0          0          0          0   rtexit2.o
       128          0          0          0          0         68   strcmpv7m.o
        12          4          0          0          0         68   sys_exit.o
        74          0          0          0          0         80   sys_stackheap_outer.o
         2          0          0          0          0         68   use_no_semi.o
        98          4          0          0          0         92   d2f.o
       826         16          0          0          0        348   daddsub_clz.o
        24          0          0          0          0         68   dcmpi.o
       688        140          0          0          0        208   ddiv.o
        38          0          0          0          0         68   dflt_clz.o
       120          4          0          0          0         92   dleqf.o
       340         12          0          0          0        104   dmul.o
       156          4          0          0          0         92   dnaninf.o
        12          0          0          0          0         68   dretinf.o
       108          0          0          0          0         80   drleqf.o
       460         56          0          0          0        120   dsqrt_noumaal.o
        86          4          0          0          0         84   f2d.o
       430          8          0          0          0        168   faddsub_clz.o
        24          0          0          0          0         68   fcmpi.o
       388         76          0          0          0         96   fdiv.o
        48          0          0          0          0         68   fflt_clz.o
       104          4          0          0          0         84   fleqf.o
       258          4          0          0          0         84   fmul.o
       140          4          0          0          0         84   fnaninf.o
        10          0          0          0          0         68   fretinf.o
        98          0          0          0          0         68   frleqf.o
         4          0          0          0          0         68   printf1.o
         0          0          0          0          0          0   usenofp.o
        40          0          0          0          0         68   fpclassify.o
        76          0          0          0          0         84   sqrt.o

    ----------------------------------------------------------------------
      8970        530        176          0         96       4948   Library Totals
        20          0          0          0          0          0   (incl. Padding)

    ----------------------------------------------------------------------

      Code (inc. data)   RO Data    RW Data    ZI Data      Debug   Library Name

      4374        194        176          0         96       2516   c_w.l
      4460        336          0          0          0       2280   fz_ws.l
       116          0          0          0          0        152   m_ws.l

    ----------------------------------------------------------------------
      8970        530        176          0         96       4948   Library Totals

    ----------------------------------------------------------------------

==============================================================================


      Code (inc. data)   RO Data    RW Data    ZI Data      Debug   

     14714       1158       1966         40       3680     354197   Grand Totals
     14714       1158       1966         40       3680     354197   ELF Image Totals
     14714       1158       1966         40          0          0   ROM Totals

==============================================================================

    Total RO  Size (Code + RO Data)                16680 (  16.29kB)
    Total RW  Size (RW Data + ZI Data)              3720 (   3.63kB)
    Total ROM Size (Code + RO Data + RW Data)      16720 (  16.33kB)

==============================================================================

